spawn telnet islandsofmyth.org 3000
Trying 158.69.5.47...
Connected to islandsofmyth.org.
Escape character is '^]'.
^L

  _   _   _   _   _   _   _     _   _     _   _   _   _
 / \ / \ / \ / \ / \ / \ / \   / \ / \   / \ / \ / \ / \
( I | s | l | a | n | d | s ) ( o | f ) ( M | y | t | h )
 \_/ \_/ \_/ \_/ \_/ \_/ \_/   \_/ \_/   \_/ \_/ \_/ \_/



----------------------------------------------------------------------------
Islands of Myth is running a LIMA mudlib base, heavily modified.
----------------------------------------------------------------------------
             __________________________________________________
            |                                                  |
            |Email: mud@islandsofmyth.org                      |
            |      Currently there are 22 players playing.     |__
            |__________________________________________________|  |
              |                                                   |
              |          [name]  - Enter the game as [name]       |
              |          [d]     - Disconnect.                    |
              |          [s]     - Status of the game.            |
              |          [w]     - Who is currently playing.      |
              |          [c]     - Create a new character.        |
              |___________________________________________________|

Please enter a name or choice from the above menu.
> emalz
Password: 
Last login: Sun May 17 17:47:43 2026 from: 47.237.80.25 (47.237.80.25)


RDMP - Red Dragon Mud Protocol supported
MCCP - Mud Client Compression Protocol Supported
MXP - Mud Extension Protocol Supported
A dark, sucking portal appears. You fall from it!
Welcome back!
hp(880/880) sp(714/714) ep(634/634) > score
,----------------------------------------------------------------------------.
| Emalz the Kobold                                                           |
| Level          :    6                Open Guild Levels :    2              |
|                                                                            |
| Experience     :           1,276     Explored          :  0.28% ( 2.40%)   |
| Next level     :           2,118     Rooms Explored    :            48     |
| Guild Level    :             645     Gold on hand      :         1,000     |
| To Next Level  :             842     Gold in bank      :             0     |
| To Guild Level :               0                                           |
|----------------------------------------------------------------------------|
| Strength     :   42 | Hit Points     :   880 (  880) | AC       : VLow     |
| Dexterity    :   36 | Spell Points   :   714 (  714) | Size     : 3'6"     |
| Constitution :   43 | Endurance Pts. :   634 (  634) | Weight   : 77 lb    |
| Stamina      :   33 | Hunger         : Stuffed       | Stealth  : 15%      |
| Intelligence :   24 | Wimpy          : 0%            | Hiding   : No       |
| Wisdom       :   24 | Growth         : Growing       | Poisoned : No       |
| Charisma     :   84 | Alignment      : Neutral       | TaskPts. : 0        |
|----------------------------------------------------------------------------|
| alpha   : warrior (4)                      | Mail          : 0/0           |
|                                            | Kills         : 8             |
`----------------------------------------------------------------------------'
hp(880/880) sp(714/714) ep(634/634) > score
,----------------------------------------------------------------------------.
| Emalz the Kobold                                                           |
| Level          :    6                Open Guild Levels :    2              |
|                                                                            |
| Experience     :           1,276     Explored          :  0.28% ( 2.40%)   |
| Next level     :           2,118     Rooms Explored    :            48     |
| Guild Level    :             645     Gold on hand      :         1,000     |
| To Next Level  :             842     Gold in bank      :             0     |
| To Guild Level :               0                                           |
|----------------------------------------------------------------------------|
| Strength     :   42 | Hit Points     :   880 (  880) | AC       : VLow     |
| Dexterity    :   36 | Spell Points   :   714 (  714) | Size     : 3'6"     |
| Constitution :   43 | Endurance Pts. :   634 (  634) | Weight   : 77 lb    |
| Stamina      :   33 | Hunger         : Stuffed       | Stealth  : 15%      |
| Intelligence :   24 | Wimpy          : 0%            | Hiding   : No       |
| Wisdom       :   24 | Growth         : Growing       | Poisoned : No       |
| Charisma     :   84 | Alignment      : Neutral       | TaskPts. : 0        |
|----------------------------------------------------------------------------|
| alpha   : warrior (4)                      | Mail          : 0/0           |
|                                            | Kills         : 8             |
`----------------------------------------------------------------------------'
hp(880/880) sp(714/714) ep(634/634) > warp
The magic fails you.
hp(880/880) sp(714/714) ep(634/634) > se
It doesn't seem possible to go that direction.
hp(880/880) sp(714/714) ep(634/634) > e
It doesn't seem possible to go that direction.
hp(880/880) sp(714/714) ep(634/634) > talk sisong
There is no sisong here.
hp(880/880) sp(714/714) ep(634/634) > Connection closed by foreign host.
send: spawn id exp4 not open
    while executing
"send "9\r""
    (file "emalz_grind_v3.expect" line 132)
