spawn telnet islandsofmyth.org 3000
Trying 158.69.5.47...
Connected to islandsofmyth.org.
Escape character is '^]'.
^L
@@@   @@@@@@   @@@        @@@@@@   @@@  @@@  @@@@@@@    @@@@@@
@@@  @@@@@@@   @@@       @@@@@@@@  @@@@ @@@  @@@@@@@@  @@@@@@@
@@!  !@@       @@!       @@!  @@@  @@!@!@@@  @@!  @@@  !@@
:!:      !:!    :!:      :!:  !:!  :!:  !:!  :!:  !:!      !:!
 ::  :::: ::    :: ::::  ::   :::   ::   ::   :::: ::  :::: ::
:    :: : :    : :: : :   :   : :  ::    :   :: :  :   :: : :
                                              ,--,  ,.-.
                ,                   \,       '-,-`,'-.' | ._
               /|           \    ,   |\         }  )/  / `-,',
               [ '          |\  /|   | |        /  \|  |/`  ,`
               | |       ,.`  `,` `, | |  _,...(   (      _',
               \  \  __ ,-` `  ,  , `/ |,'      Y     (   \_L\
                \  \_\,``,   ` , ,  /  |         )         _,/
                 \  '  `  ,_ _`_,-,<._.<        /         /
                  ', `>.,`  `  `   ,., |_      |         /
                    \/`  `,   `   ,`  | /__,.-`    _,   `\
                -,-..\  _  \  `  /  ,  / `._) _,-\`       \
                 \_,,.) /\    ` /  / ) (-,, ``    ,        |
                ,` )  | \_\       '-`  |  `(               \
               /  /```(   , --, ,' \   |`<`    ,            |
              /  /_,--`\   <\  V /> ,` )<_/)  | \      _____)
        ,-, ,`   `   (_,\ \    |   /) / __/  /   `----`
       (-, \           ) \ ('_.-._)/ /,`    /
       | /  `          `/ \\ V   V, /`     /
    ,--\(        ,     <_/`\\     ||      /
   (   ,``-     \/|         \-A.A-`|     /
  ,>,_ )_,..(    )\          -,,_-`  _--`
 (_ \|`   _,/_  /  \_            ,--`
  \( `   <.,../`     `-.._   _,-`
   `                      ```
 @@@@@@   @@@@@@@@     @@@@@@@@@@   @@@ @@@  @@@@@@@  @@@  @@@
@@@@@@@@  @@@@@@@@     @@@@@@@@@@@  @@@ @@@  @@@@@@@  @@@  @@@
@@!  @@@  @@!          @@! @@! @@!  @@! !@@    @@!    @@!  @@@
@!@  !@!  @!!!:!       @!! !!@ @!@   !@!@!     @!!    @!@!@!@!
:!:  !:!  :!:          :!:     :!:    :!:      :!:    :!:  !:!
::::: ::   ::          :::     ::      ::       ::    ::   :::
 : :  :    :            :      :       :        :      :   : :




----------------------------------------------------------------------------
Islands of Myth is running a LIMA mudlib base, heavily modified.
----------------------------------------------------------------------------
             __________________________________________________
            |                                                  |
            |Email: mud@islandsofmyth.org                      |
            |      Currently there are 23 players playing.     |__
            |__________________________________________________|  |
              |                                                   |
              |          [name]  - Enter the game as [name]       |
              |          [d]     - Disconnect.                    |
              |          [s]     - Status of the game.            |
              |          [w]     - Who is currently playing.      |
              |          [c]     - Create a new character.        |
              |___________________________________________________|

Please enter a name or choice from the above menu.
> emalz
Password: 
Last login: Sun May 17 17:42:58 2026 from: 47.237.80.25 (47.237.80.25)


RDMP - Red Dragon Mud Protocol supported
MCCP - Mud Client Compression Protocol Supported
MXP - Mud Extension Protocol Supported
A dark, sucking portal appears. You fall from it!
Welcome back!
[login]: Emalz has reconnected (Kobold level 6).
hp(880/880) sp(714/714) ep(634/634) > score
,----------------------------------------------------------------------------.
| Emalz the Kobold                                                           |
| Level          :    6                Open Guild Levels :    2              |
|                                                                            |
| Experience     :           1,276     Explored          :  0.28% ( 2.40%)   |
| Next level     :           2,118     Rooms Explored    :            48     |
| Guild Level    :             645     Gold on hand      :         1,000     |
| To Next Level  :             842     Gold in bank      :             0     |
| To Guild Level :               0                                           |
|----------------------------------------------------------------------------|
| Strength     :   42 | Hit Points     :   880 (  880) | AC       : VLow     |
| Dexterity    :   36 | Spell Points   :   714 (  714) | Size     : 3'6"     |
| Constitution :   43 | Endurance Pts. :   634 (  634) | Weight   : 77 lb    |
| Stamina      :   33 | Hunger         : Stuffed       | Stealth  : 15%      |
| Intelligence :   24 | Wimpy          : 0%            | Hiding   : No       |
| Wisdom       :   24 | Growth         : Growing       | Poisoned : No       |
| Charisma     :   84 | Alignment      : Neutral       | TaskPts. : 0        |
|----------------------------------------------------------------------------|
| alpha   : warrior (4)                      | Mail          : 0/0           |
|                                            | Kills         : 8             |
`----------------------------------------------------------------------------'
hp(880/880) sp(714/714) ep(634/634) > skills
-=-=-| Warrior |-=-=-=-=-=-=-=-=-=-=-=-=-=-=-=-=-=-=-=-=-=-=-=-=-=-=-=-=-=-=-=-
  attack                       :  20%  |  flesh of stone               :  20%
  honor of the gods            :  20%  |  tanking                      :  20%
  weapon skill blunt           :  20%  |
-=-=-=-=-=-=-=-=-=-=-=-=-=-=-=-=-=-=-=-=-=-=-=-=-=-=-=-=-=-=-=-=-=-=-=-=-=-=-=-
hp(880/880) sp(714/714) ep(634/634) > warp
You warp, bend and fold into a small dot which disappears!
You arrive at the Adventure Guild.
Adventurer Guild Entrance [exits: west, south, southeast, northeast, north, southwest and east]
 This large room is the Adventurers guild. Truly breathtaking in its architecture, the guild houses a vast amount of
help for the new adventurers and the old. Its high domed ceiling swirls with blue and whites, like the sky on a very
windy day. Because it is domed and there are windows all along the wall, the room seems very open and very friendly.

Someone has left 2 Formula: Head: Lesser Wisdoms lying on the ground.

hp(880/880) sp(714/714) ep(634/634) > se
Newbie Guild Entrance [exits: northwest and east]
 This room is large, and the ceiling is high. To the northwest is another room, while to the east is the Newbie Guild.


hp(880/880) sp(714/714) ep(634/634) > e

Sisong sings, "Welcome Emalz, I am here to help you begin your adventure in these the great Islands of Myth. To speak with me, just enter 'talk to sisong'. Otherwise good-luck, and may the gods ever guide you on your journey!"

Entrance to the Newbie Guild [exits: west, south, east and north]
 Welcome Newbies! This is where you can find all sorts of great information to help start you off on your adventures
here at Islands of Myth. For lots of advice on getting started you should begin by speaking with Sisong. She's here especially
to help you out.

Sisong the Newbie Navigator
A blue portal, leading to Nuvo City
A gold Plaque

hp(880/880) sp(714/714) ep(634/634) > talk sisong
Sisong's Newbie Information.
=-=-=-=-=-=-=-=-=-=-=-=-=-=-=-=-=-=-=-==-=-=-=-=-=-=-=-=-=-=-=-=-=-=-=-=-=-=-=
  1)  Misc. Information     2)  Newbie Areas          q)  Quit             

[12q] You are taken over by yourself, or something.
Connection closed by foreign host.
send: spawn id exp4 not open
    while executing
"send "yensidland\r""
    (file "/root/.openclaw/workspace/mud/iom_emalz_archive/grind_only.expect" line 35)
