spawn telnet islandsofmyth.org 3000
Trying 158.69.5.47...
Connected to islandsofmyth.org.
Escape character is '^]'.
^L
  ###                                                                    
   #      ####   #         ##    #    #  #####    ####        ####   ######
   #     #       #        #  #   ##   #  #    #  #           #    #  #  
   #      ####   #       #    #  # #  #  #    #   ####       #    #  #####
   #          #  #       ######  #  # #  #    #       #      #    #  #
   #     #    #  #       #    #  #   ##  #    #  #    #      #    #  #
  ###     ####   ######  #    #  #    #  #####    ####        ####   #

                      #     # 
                      ##   ##   #   #   #####  #    # 
                      # # # #    # #      #    #    # 
                      #  #  #     #       #    ###### 
                      #     #     #       #    #    # 
                      #     #     #       #    #    # 
                      #     #     #       #    #    # 



----------------------------------------------------------------------------
Islands of Myth is running a LIMA mudlib base, heavily modified.
----------------------------------------------------------------------------
             __________________________________________________
            |                                                  |
            |Email: mud@islandsofmyth.org                      |
            |      Currently there are 23 players playing.     |__
            |__________________________________________________|  |
              |                                                   |
              |          [name]  - Enter the game as [name]       |
              |          [d]     - Disconnect.                    |
              |          [s]     - Status of the game.            |
              |          [w]     - Who is currently playing.      |
              |          [c]     - Create a new character.        |
              |___________________________________________________|

Please enter a name or choice from the above menu.
> emalz
Password: 
Last login: Sun May 17 17:33:45 2026 from: 47.237.80.25 (47.237.80.25)


RDMP - Red Dragon Mud Protocol supported
MCCP - Mud Client Compression Protocol Supported
MXP - Mud Extension Protocol Supported
A dark, sucking portal appears. You fall from it!
Welcome back!
[login]: Emalz has reconnected (Kobold level 5).
hp(876/876) sp(714/714) ep(628/628) > score
,----------------------------------------------------------------------------.
| Emalz the Kobold                                                           |
| Level          :    5                Open Guild Levels :    1              |
|                                                                            |
| Experience     :           2,508     Explored          :  0.28% ( 2.40%)   |
| Next level     :           1,232     Rooms Explored    :            48     |
| Guild Level    :             645     Gold on hand      :         1,000     |
| To Next Level  :               0     Gold in bank      :             0     |
| To Guild Level :               0                                           |
|----------------------------------------------------------------------------|
| Strength     :   39 | Hit Points     :   876 (  876) | AC       : VLow     |
| Dexterity    :   35 | Spell Points   :   714 (  714) | Size     : 3'6"     |
| Constitution :   43 | Endurance Pts. :   628 (  628) | Weight   : 77 lb    |
| Stamina      :   32 | Hunger         : Stuffed       | Stealth  : 15%      |
| Intelligence :   24 | Wimpy          : 0%            | Hiding   : No       |
| Wisdom       :   24 | Growth         : Growing       | Poisoned : No       |
| Charisma     :   85 | Alignment      : Neutral       | TaskPts. : 0        |
|----------------------------------------------------------------------------|
| alpha   : warrior (4)                      | Mail          : 0/0           |
|                                            | Kills         : 8             |
`----------------------------------------------------------------------------'
hp(876/876) sp(714/714) ep(628/628) > warp
You warp, bend and fold into a small dot which disappears!
You arrive at the Adventure Guild.
Adventurer Guild Entrance [exits: west, south, southeast, northeast, north, southwest and east]
 This large room is the Adventurers guild. Truly breathtaking in its architecture, the guild houses a vast amount of
help for the new adventurers and the old. Its high domed ceiling swirls with blue and whites, like the sky on a very
windy day. Because it is domed and there are windows all along the wall, the room seems very open and very friendly.

Someone has left 2 Formula: Head: Lesser Wisdoms lying on the ground.

hp(876/876) sp(714/714) ep(628/628) > e
Level Room [exits: west]
 This room is large, and the ceiling is high. In the center stands a large podium. Upon that podium sits Achman, the
judge. He controls the levels of Islands of Myth, and has the power to create some of the strongest players. He sits in
a high back chair built into the podium. Talk to him if you wish to advance in your endeavors. 

Achman the Judge

hp(876/876) sp(714/714) ep(628/628) > talk achman
=-=-=-=-=-=-=-=-=-=-=-=-=-=-=-=-=-=-=-=-=-=-=-=-=-=-=-=-=-=-=-=-=-=-=-=-=
Adventurers leveling place
=-=-=-=-=-=-=-=-=-=-=-=-=-=-=-=-=-=-=-=-=-=-=-=-=-=-=-=-=-=-=-=-=-=-=-=-=
  a)  General information                b)  List level costs              
  c)  Advance a level                    d)  Advance a level picking a stat
  e)  Advance several levels             q)  Quit                          
=-=-=-=-=-=-=-=-=-=-=-=-=-=-=-=-=-=-=-=-=-=-=-=-=-=-=-=-=-=-=-=-=-=-=-=-=

[abcdeq] d
=-=-=-=-=-=-=-=-=-=-=-=-=-=-=-=-=-=-=-=-=-=-=-=-=-=-=-=-=-=-=-=-=-=-=-=-=
Picking a special statistic for leveling
=-=-=-=-=-=-=-=-=-=-=-=-=-=-=-=-=-=-=-=-=-=-=-=-=-=-=-=-=-=-=-=-=-=-=-=-=
  a)  Advance strength         b)  Advance constitution
  c)  Advance dexterity        d)  Advance stamina     
  e)  Advance intelligence     f)  Advance wisdom      
  g)  Advance charisma         h)  Advance hp regen    
  i)  Advance sp regen         j)  Advance ep regen    
  m)  Main menu                q)  Quit                
=-=-=-=-=-=-=-=-=-=-=-=-=-=-=-=-=-=-=-=-=-=-=-=-=-=-=-=-=-=-=-=-=-=-=-=-=

[abcdefghijmq] You are taken over by yourself, or something.
Connection closed by foreign host.
send: spawn id exp4 not open
    while executing
"send "score\r""
    ("for" body line 3)
    invoked from within
"for {set i 0} {$i < 5} {incr i} {
    advance_level
    send "score\r"
    expect ">"
}"
    (file "/root/.openclaw/workspace/mud/iom_emalz_archive/ilium_levelup_v2.expect" line 55)
