spawn telnet islandsofmyth.org 3000
Trying 158.69.5.47...
Connected to islandsofmyth.org.
Escape character is '^]'.
^L
                  ___                      _
              (O)  |  _ | _.._  _| _   _ _|_  |\/|  _|_ |_
              <M  _|__> |(_|| |(_|_>  (_) |   |  |\/ |_ | |
   o          <M                                  /
  /| ......  /:M\------------------------------------------------,,,,,,
(O)[]XXXXXX[]I:K+}=====<{H}>================================------------>
  \| ^^^^^^  \:W/------------------------------------------------''''''
   o          <W
              <W   islandsofmyth.org 3000      www.islandsofmyth.org 
              (O)  



----------------------------------------------------------------------------
Islands of Myth is running a LIMA mudlib base, heavily modified.
----------------------------------------------------------------------------
             __________________________________________________
            |                                                  |
            |Email: mud@islandsofmyth.org                      |
            |      Currently there are 22 players playing.     |__
            |__________________________________________________|  |
              |                                                   |
              |          [name]  - Enter the game as [name]       |
              |          [d]     - Disconnect.                    |
              |          [s]     - Status of the game.            |
              |          [w]     - Who is currently playing.      |
              |          [c]     - Create a new character.        |
              |___________________________________________________|

Please enter a name or choice from the above menu.
> emalz
Password: 
Last login: Sun May 17 17:36:20 2026 from: 47.237.80.25 (47.237.80.25)


RDMP - Red Dragon Mud Protocol supported
MCCP - Mud Client Compression Protocol Supported
MXP - Mud Extension Protocol Supported
A dark, sucking portal appears. You fall from it!
Welcome back!
[login]: Emalz has reconnected (Kobold level 6).
hp(876/880) sp(714/714) ep(628/634) > score
,----------------------------------------------------------------------------.
| Emalz the Kobold                                                           |
| Level          :    6                Open Guild Levels :    2              |
|                                                                            |
| Experience     :           1,276     Explored          :  0.28% ( 2.40%)   |
| Next level     :           2,118     Rooms Explored    :            48     |
| Guild Level    :             645     Gold on hand      :         1,000     |
| To Next Level  :             842     Gold in bank      :             0     |
| To Guild Level :               0                                           |
|----------------------------------------------------------------------------|
| Strength     :   42 | Hit Points     :   876 (  880) | AC       : VLow     |
| Dexterity    :   36 | Spell Points   :   714 (  714) | Size     : 3'6"     |
| Constitution :   43 | Endurance Pts. :   628 (  634) | Weight   : 77 lb    |
| Stamina      :   33 | Hunger         : Stuffed       | Stealth  : 15%      |
| Intelligence :   24 | Wimpy          : 0%            | Hiding   : No       |
| Wisdom       :   24 | Growth         : Growing       | Poisoned : No       |
| Charisma     :   84 | Alignment      : Neutral       | TaskPts. : 0        |
|----------------------------------------------------------------------------|
| alpha   : warrior (4)                      | Mail          : 0/0           |
|                                            | Kills         : 8             |
`----------------------------------------------------------------------------'
hp(876/880) sp(714/714) ep(628/634) > warp
You warp, bend and fold into a small dot which disappears!
You arrive at the Adventure Guild.
Adventurer Guild Entrance [exits: west, south, southeast, northeast, north, southwest and east]
 This large room is the Adventurers guild. Truly breathtaking in its architecture, the guild houses a vast amount of
help for the new adventurers and the old. Its high domed ceiling swirls with blue and whites, like the sky on a very
windy day. Because it is domed and there are windows all along the wall, the room seems very open and very friendly.

It seems that someone has left 2 Formula: Head: Lesser Wisdoms lying here.

hp(876/880) sp(714/714) ep(628/634) > e
Level Room [exits: west]
 This room is large, and the ceiling is high. In the center stands a large podium. Upon that podium sits Achman, the
judge. He controls the levels of Islands of Myth, and has the power to create some of the strongest players. He sits in
a high back chair built into the podium. Talk to him if you wish to advance in your endeavors. 

Achman the Judge

hp(876/880) sp(714/714) ep(628/634) > talk achman
=-=-=-=-=-=-=-=-=-=-=-=-=-=-=-=-=-=-=-=-=-=-=-=-=-=-=-=-=-=-=-=-=-=-=-=-=
Adventurers leveling place
=-=-=-=-=-=-=-=-=-=-=-=-=-=-=-=-=-=-=-=-=-=-=-=-=-=-=-=-=-=-=-=-=-=-=-=-=
  a)  General information                b)  List level costs              
  c)  Advance a level                    d)  Advance a level picking a stat
  e)  Advance several levels             q)  Quit                          
=-=-=-=-=-=-=-=-=-=-=-=-=-=-=-=-=-=-=-=-=-=-=-=-=-=-=-=-=-=-=-=-=-=-=-=-=

[abcdeq] You feel fully healed.
e
You feel fully refreshed.
How many levels?: {myth}: Slayn states, You know we haven't heard much from emalz lately. He dies from emalz.
5
You need to select a stat to advance. Pick the other option to advance.
You need to select a stat to advance. Pick the other option to advance.
You need to select a stat to advance. Pick the other option to advance.
You need to select a stat to advance. Pick the other option to advance.
You need to select a stat to advance. Pick the other option to advance.
=-=-=-=-=-=-=-=-=-=-=-=-=-=-=-=-=-=-=-=-=-=-=-=-=-=-=-=-=-=-=-=-=-=-=-=-=
Adventurers leveling place
=-=-=-=-=-=-=-=-=-=-=-=-=-=-=-=-=-=-=-=-=-=-=-=-=-=-=-=-=-=-=-=-=-=-=-=-=
  a)  General information                b)  List level costs              
  c)  Advance a level                    d)  Advance a level picking a stat
  e)  Advance several levels             q)  Quit                          
=-=-=-=-=-=-=-=-=-=-=-=-=-=-=-=-=-=-=-=-=-=-=-=-=-=-=-=-=-=-=-=-=-=-=-=-=

[abcdeq] Achman says 'Talk to me if you need help.'
Achman says 'Talk to me if you need help.'

[abcdeq] Grease {newbie}: do necro minions have reinc tax and how do i reinc them? 
You are taken over by yourself, or something.
Connection closed by foreign host.
send: spawn id exp4 not open
    while executing
"send "score\r""
    (file "/root/.openclaw/workspace/mud/iom_emalz_archive/ilium_levelup_slow.expect" line 84)
