spawn telnet islandsofmyth.org 3000
Trying 158.69.5.47...
Connected to islandsofmyth.org.
Escape character is '^]'.
^L
/\__  _\         /\_ \                      /\ \                      /'___\ 
\/_/\ \/     ____\//\ \      __      ___    \_\ \    ____        ___ /\ \__/ 
   \ \ \    /',__\ \ \ \   /'__`\  /' _ `\  /'_` \  /',__\      / __`\ \ ,__\
    \_\ \__/\__, `\ \_\ \_/\ \L\.\_/\ \/\ \/\ \L\ \/\__, `\    /\ \L\ \ \ \_/
    /\_____\/\____/ /\____\ \__/.\_\ \_\ \_\ \___,_\/\____/    \ \____/\ \_\ 
    \/_____/\/___/  \/____/\/__/\/_/\/_/\/_/\/__,_ /\/___/      \/___/  \/_/ 
                                                                             
                                                                             
                  __    __         
 /'\_/`\         /\ \__/\ \        
/\      \  __  __\ \ ,_\ \ \___    
\ \ \__\ \/\ \/\ \\ \ \/\ \  _ `\  
 \ \ \_/\ \ \ \_\ \\ \ \_\ \ \ \ \ 
  \ \_\\ \_\/`____ \\ \__\\ \_\ \_\
   \/_/ \/_/`/___/> \\/__/ \/_/\/_/
               /\___/              
               \/__/               



----------------------------------------------------------------------------
Islands of Myth is running a LIMA mudlib base, heavily modified.
----------------------------------------------------------------------------
             __________________________________________________
            |                                                  |
            |Email: mud@islandsofmyth.org                      |
            |      Currently there are 22 players playing.     |__
            |__________________________________________________|  |
              |                                                   |
              |          [name]  - Enter the game as [name]       |
              |          [d]     - Disconnect.                    |
              |          [s]     - Status of the game.            |
              |          [w]     - Who is currently playing.      |
              |          [c]     - Create a new character.        |
              |___________________________________________________|

Please enter a name or choice from the above menu.
> emalz
Password: 
Last login: Sun May 17 17:36:20 2026 from: 47.237.80.25 (47.237.80.25)


RDMP - Red Dragon Mud Protocol supported
MCCP - Mud Client Compression Protocol Supported
MXP - Mud Extension Protocol Supported
A dark, sucking portal appears. You fall from it!
Welcome back!
[login]: Emalz has reconnected (Kobold level 6).
hp(880/880) sp(714/714) ep(634/634) > score
send: spawn id exp4 not open
    while executing
"send "warp\r""
    (file "emalz_grind.exp" line 26)
