spawn telnet islandsofmyth.org 3000
Trying 158.69.5.47...
Connected to islandsofmyth.org.
Escape character is '^]'.
^L
/\__  _\         /\_ \                      /\ \                      /'___\ 
\/_/\ \/     ____\//\ \      __      ___    \_\ \    ____        ___ /\ \__/ 
   \ \ \    /',__\ \ \ \   /'__`\  /' _ `\  /'_` \  /',__\      / __`\ \ ,__\
    \_\ \__/\__, `\ \_\ \_/\ \L\.\_/\ \/\ \/\ \L\ \/\__, `\    /\ \L\ \ \ \_/
    /\_____\/\____/ /\____\ \__/.\_\ \_\ \_\ \___,_\/\____/    \ \____/\ \_\ 
    \/_____/\/___/  \/____/\/__/\/_/\/_/\/_/\/__,_ /\/___/      \/___/  \/_/ 
                                                                             
                                                                             
                  __    __         
 /'\_/`\         /\ \__/\ \        
/\      \  __  __\ \ ,_\ \ \___    
\ \ \__\ \/\ \/\ \\ \ \/\ \  _ `\  
 \ \ \_/\ \ \ \_\ \\ \ \_\ \ \ \ \ 
  \ \_\\ \_\/`____ \\ \__\\ \_\ \_\
   \/_/ \/_/`/___/> \\/__/ \/_/\/_/
               /\___/              
               \/__/               



----------------------------------------------------------------------------
Islands of Myth is running a LIMA mudlib base, heavily modified.
----------------------------------------------------------------------------
             __________________________________________________
            |                                                  |
            |Email: mud@islandsofmyth.org                      |
            |      Currently there are 22 players playing.     |__
            |__________________________________________________|  |
              |                                                   |
              |          [name]  - Enter the game as [name]       |
              |          [d]     - Disconnect.                    |
              |          [s]     - Status of the game.            |
              |          [w]     - Who is currently playing.      |
              |          [c]     - Create a new character.        |
              |___________________________________________________|

Please enter a name or choice from the above menu.
> emalz
Password: 
Last login: Sun May 17 03:38:28 2026 from: 47.237.80.25 (47.237.80.25)

********************************************************
               Welcome to Islands of Myth!
+=+=+=+=+=+=+=+=+=+=+=+=+=+=+=+=+=+=+=+=+=+=+=+=+=+=+=+=
Join us at...
Discord : https://discord.gg/gSctHJRVvQ
Facebook: https://www.facebook.com/groups/11655590400/

New Gear & info site from Tomten:
http://iominfo.vlp.se
********************************************************

You wear ornamented warrior belt.
You feel stronger.
Your heart beats an extra beat.
Your muscles swell.
You feel less resistant.


RDMP - Red Dragon Mud Protocol supported
MCCP - Mud Client Compression Protocol Supported
You enter Islands of Myth.
Welcome to Islands of Myth!
hp(876/876) sp(714/714) ep(628/628) > look
Brightly Lit Hallway [exits: south and east]
 You are wandering down a brightly lit hallway. To the east you can make out the entrance to Maxxis' Newbie Shop and to
the south is the way back to the entrance of the Newbie Guild.


Temuthril the Green dragon 19.20 -> 0.20

hp(876/876) sp(714/714) ep(628/628) > score
skills
,----------------------------------------------------------------------------.
| Emalz the Kobold                                                           |
| Level          :    5                Open Guild Levels :    1              |
|                                                                            |
| Experience     :             508     Explored          :  0.23% ( 2.00%)   |
| Next level     :           1,232     Rooms Explored    :            40     |
| Guild Level    :             645     Gold on hand      :         1,000     |
| To Next Level  :             724     Gold in bank      :             0     |
| To Guild Level :             137                                           |
|----------------------------------------------------------------------------|
| Strength     :   39 | Hit Points     :   876 (  876) | AC       : VLow     |
| Dexterity    :   35 | Spell Points   :   714 (  714) | Size     : 3'6"     |
| Constitution :   43 | Endurance Pts. :   628 (  628) | Weight   : 77 lb    |
| Stamina      :   32 | Hunger         : Stuffed       | Stealth  : 15%      |
| Intelligence :   24 | Wimpy          : 0%            | Hiding   : No       |
| Wisdom       :   24 | Growth         : Growing       | Poisoned : No       |
| Charisma     :   85 | Alignment      : Neutral       | TaskPts. : 0        |
|----------------------------------------------------------------------------|
| alpha   : warrior (4)                      | Mail          : 0/0           |
|                                            | Kills         : 0             |
`----------------------------------------------------------------------------'
hp(876/876) sp(714/714) ep(628/628) > score
