spawn telnet islandsofmyth.org 3000
Trying 158.69.5.47...
Connected to islandsofmyth.org.
Escape character is '^]'.
^L


      ___________________
    ,'                   `---------------._________________________

    |    `;.                               `                       `:.

    |      :  _-_,       ,,              |\                    /\     `\
   /`      :    //       ||   _           \\                  ||       |
   ^----\;-'    ||  _-_, ||  < \, \\/\\  / \\  _-_,     /'\\ =||=      |
        /`     ~|| ||_.  ||  /-|| || || || || ||_.     || ||  ||       |
       /        ||  ~ || || (( || || || || ||  ~ ||    || ||  ||     ./^
      /`      _-_, ,-_-  \\  \/\\ \\ \\  \\/  ,-_-     \\,/   \\,    |
      \           ____________                                       |
      |          /            \                 _______              |
      |         /              `----------____/`       ^~~~~~\     ./
      |        /   /\\,/\\,          ,  ,,  ^                |      \
      `\      {.  /| || ||          ||  ||                   \       \.
       |       \  || || ||  '\\/\\ =||= ||/\\                 \       }
       |       /  ||=|= ||   || ;'  ||  || ||                __  __   |
       |      /  ~|| || ||   ||/    ||  || ||                \ \/ /   |
       |     /    |, \\,\\,  |/     \\, \\ |/                 \  /    |
       |  .`^    _-         (             _/                  /  \    |
       |  |                  -_-                             /_/\_\   /

       |                                                             /

       `\                                         .-----------.      \.
         `-_________.`~\____.------------------.:`            `\____  |
                                                                    `\}




----------------------------------------------------------------------------
Islands of Myth is running a LIMA mudlib base, heavily modified.
----------------------------------------------------------------------------
             __________________________________________________
            |                                                  |
            |Email: mud@islandsofmyth.org                      |
            |      Currently there are 22 players playing.     |__
            |__________________________________________________|  |
              |                                                   |
              |          [name]  - Enter the game as [name]       |
              |          [d]     - Disconnect.                    |
              |          [s]     - Status of the game.            |
              |          [w]     - Who is currently playing.      |
              |          [c]     - Create a new character.        |
              |___________________________________________________|

Please enter a name or choice from the above menu.
> emalz
Password: 
Last login: Sun May 17 17:02:14 2026 from: 47.237.80.25 (47.237.80.25)

Sisong sings, "Welcome Emalz, I am here to help you begin your adventure in these the great Islands of Myth. To speak with me, just enter 'talk to sisong'. Otherwise good-luck, and may the gods ever guide you on your journey!"



RDMP - Red Dragon Mud Protocol supported
MCCP - Mud Client Compression Protocol Supported
MXP - Mud Extension Protocol Supported
A dark, sucking portal appears. You fall from it!
Welcome back!
[login]: Emalz has reconnected (Kobold level 5).
hp(876/876) sp(714/714) ep(628/628) > warp
You warp, bend and fold into a small dot which disappears!
You arrive at the Adventure Guild.
Adventurer Guild Entrance [exits: west, south, southeast, northeast, north, southwest and east]
 This large room is the Adventurers guild. Truly breathtaking in its architecture, the guild houses a vast amount of
help for the new adventurers and the old. Its high domed ceiling swirls with blue and whites, like the sky on a very
windy day. Because it is domed and there are windows all along the wall, the room seems very open and very friendly.

2 Formula: Head: Lesser Wisdoms lie here.

hp(876/876) sp(714/714) ep(628/628) > se
Newbie Guild Entrance [exits: northwest and east]
 This room is large, and the ceiling is high. To the northwest is another room, while to the east is the Newbie Guild.


hp(876/876) sp(714/714) ep(628/628) > e

Sisong sings, "Welcome Emalz, I am here to help you begin your adventure in these the great Islands of Myth. To speak with me, just enter 'talk to sisong'. Otherwise good-luck, and may the gods ever guide you on your journey!"

Entrance to the Newbie Guild [exits: west, south, east and north]
 Welcome Newbies! This is where you can find all sorts of great information to help start you off on your adventures
here at Islands of Myth. For lots of advice on getting started you should begin by speaking with Sisong. She's here especially
to help you out.

Sisong the Newbie Navigator
A blue portal, leading to Nuvo City
A gold Plaque

hp(876/876) sp(714/714) ep(628/628) > talk sisong
Sisong's Newbie Information.
=-=-=-=-=-=-=-=-=-=-=-=-=-=-=-=-=-=-=-==-=-=-=-=-=-=-=-=-=-=-=-=-=-=-=-=-=-=-=
  1)  Misc. Information     2)  Newbie Areas          q)  Quit             

[12q] 2
Newbie Areas
=-=-=-=-=-=-=-=-=-=-=-=-=-=-=-=-=-=-=-==-=-=-=-=-=-=-=-=-=-=-=-=-=-=-=-=-=-=-=
  1)  Newbie Garden                     2)  The Valley of New Adventurers
  3)  Spider Cave                       4)  The Circus                   
  5)  Monster Daycare                   6)  Church                       
  7)  Ocean                             8)  Strawberry Fields            
  9)  Yensid Land                      10)  Fire World                   
 11)  Ice World                        12)  Cat World                    
 13)  Kobold Village                   14)  Zoo                          
 15)  Newbie Forest                    16)  Ancient Tree                 
 17)  Animal Nursery                   18)  Swallow Moors                
 19)  Bee Hive                          m)  Return to Main Menu          
  q)  Quit                            
[12345678910111213141516171819mq] 