/root/.openclaw/workspace/mud/emalz_grind.py:7: DeprecationWarning: 'telnetlib' is deprecated and slated for removal in Python 3.13
  import telnetlib
[LOGIN] Done
[score] ,----------------------------------------------------------------------------.
| Emalz the Kobold                                                           |
| Level          :    1                O...
[skills] -=-=-| Warrior |-=-=-=-=-=-=-=-=-=-=-=-=-=-=-=-=-=-=-=-=-=-=-=-=-=-=-=-=-=-=-=-
  attack                       :  28%  |  tanking                      :  28%
-=-=-=-=-=-=-=-=-=-=-=-=-=-=-=-=-=-=-=-=...
[warp] You warp, bend and fold into a small dot which disappears!
You arrive at the Adventure Guild.
Adventurer Guild Entrance [exits: west, south, southeast, northeast, north, southwest and east]
 This l...
[se] Newbie Guild Entrance [exits: northwest and east]
 This room is large, and the ceiling is high. To the northwest is another room, while to the east is the Newbie Guild.


hp(804/804) sp(772/772) e...
[e] 
Sisong sings, "Welcome Emalz, I am here to help you begin your adventure in these the great Islands of Myth. To speak with me, just enter 'talk to sisong'. Otherwise good-luck, and may the gods ever...
[talk to gnosis] There is no gnosis here.
hp(804/804) sp(772/772) ep(566/566) > ...
[look] Entrance to the Newbie Guild [exits: west, south, east and north]
 Welcome Newbies! This is where you can find all sorts of great information to help start you off on your adventures
here at Islands...
[kill earwig] There is no earwig here.
hp(804/804) sp(772/772) ep(566/566) > ...
[kill insect] There is no insect here.
hp(804/804) sp(772/772) ep(566/566) > ...
[kill bug] There is no bug here.
hp(804/804) sp(772/772) ep(566/566) > ...
[kill monster] There is no monster here.
hp(804/804) sp(772/772) ep(566/566) > ...
[kill creature] There is no creature here.
hp(804/804) sp(772/772) ep(566/566) > ...
[n] Brightly Lit Hallway [exits: south and east]
 You are wandering down a brightly lit hallway. To the east you can make out the entrance to Maxxis' Newbie Shop and to
the south is the way back to the ...
[look] Brightly Lit Hallway [exits: south and east]
 You are wandering down a brightly lit hallway. To the east you can make out the entrance to Maxxis' Newbie Shop and to
the south is the way back to the ...
[kill earwig] There is no earwig here.
hp(804/804) sp(772/772) ep(566/566) > ...
[kill insect] There is no insect here.
hp(804/804) sp(772/772) ep(566/566) > ...
[kill bug] There is no bug here.
hp(804/804) sp(772/772) ep(566/566) > ...
[kill monster] There is no monster here.
hp(804/804) sp(772/772) ep(566/566) > A fizzball can launches from the bat! Temuthril screams, 'Die can! DIE!!' and pummels said can.
...
[kill creature] There is no creature here.
hp(804/804) sp(772/772) ep(566/566) > ...
[n] It doesn't seem possible to go that direction.
hp(804/804) sp(772/772) ep(566/566) > ...
[look] Brightly Lit Hallway [exits: south and east]
 You are wandering down a brightly lit hallway. To the east you can make out the entrance to Maxxis' Newbie Shop and to
the south is the way back to the ...
[kill earwig] There is no earwig here.
hp(804/804) sp(772/772) ep(566/566) > ...
[kill insect] There is no insect here.
hp(804/804) sp(772/772) ep(566/566) > ...
[kill bug] There is no bug here.
hp(804/804) sp(772/772) ep(566/566) > ...
[kill monster] There is no monster here.
hp(804/804) sp(772/772) ep(566/566) > ...
[kill creature] There is no creature here.
hp(804/804) sp(772/772) ep(566/566) > ...
[n] It doesn't seem possible to go that direction.
hp(804/804) sp(772/772) ep(566/566) > ...
[look] Brightly Lit Hallway [exits: south and east]
 You are wandering down a brightly lit hallway. To the east you can make out the entrance to Maxxis' Newbie Shop and to
the south is the way back to the ...
[kill earwig] There is no earwig here.
hp(804/804) sp(772/772) ep(566/566) > ...
[kill insect] There is no insect here.
hp(804/804) sp(772/772) ep(566/566) > ...
[kill bug] There is no bug here.
hp(804/804) sp(772/772) ep(566/566) > ...
[kill monster] There is no monster here.
hp(804/804) sp(772/772) ep(566/566) > ...
[kill creature] There is no creature here.
hp(804/804) sp(772/772) ep(566/566) > You receive a heal from the Gods as Zarp prays for your salvation.
...
[n] It doesn't seem possible to go that direction.
hp(804/804) sp(772/772) ep(566/566) > ...
[look] Brightly Lit Hallway [exits: south and east]
 You are wandering down a brightly lit hallway. To the east you can make out the entrance to Maxxis' Newbie Shop and to
the south is the way back to the ...
[kill earwig] There is no earwig here.
hp(804/804) sp(772/772) ep(566/566) > ...
[kill insect] There is no insect here.
hp(804/804) sp(772/772) ep(566/566) > ...
[kill bug] There is no bug here.
hp(804/804) sp(772/772) ep(566/566) > ...
[kill monster] There is no monster here.
hp(804/804) sp(772/772) ep(566/566) > ...
[kill creature] There is no creature here.
hp(804/804) sp(772/772) ep(566/566) > ...
[n] It doesn't seem possible to go that direction.
hp(804/804) sp(772/772) ep(566/566) > ...
[look] Brightly Lit Hallway [exits: south and east]
 You are wandering down a brightly lit hallway. To the east you can make out the entrance to Maxxis' Newbie Shop and to
the south is the way back to the ...
[kill earwig] There is no earwig here.
hp(804/804) sp(772/772) ep(566/566) > ...
[kill insect] There is no insect here.
hp(804/804) sp(772/772) ep(566/566) > ...
[kill bug] There is no bug here.
hp(804/804) sp(772/772) ep(566/566) > ...
[kill monster] There is no monster here.
hp(804/804) sp(772/772) ep(566/566) > You receive a heal from the Gods as Zarp prays for your salvation.
You feel that the awesome power of the prayer also healed your mind...
[kill creature] There is no creature here.
hp(804/804) sp(772/772) ep(566/566) > ...
[n] It doesn't seem possible to go that direction.
hp(804/804) sp(772/772) ep(566/566) > ...
[look] Brightly Lit Hallway [exits: south and east]
 You are wandering down a brightly lit hallway. To the east you can make out the entrance to Maxxis' Newbie Shop and to
the south is the way back to the ...
[kill earwig] There is no earwig here.
hp(804/804) sp(772/772) ep(566/566) > ...
[kill insect] There is no insect here.
hp(804/804) sp(772/772) ep(566/566) > ...
[kill bug] There is no bug here.
hp(804/804) sp(772/772) ep(566/566) > ...
[kill monster] There is no monster here.
hp(804/804) sp(772/772) ep(566/566) > ...
[kill creature] There is no creature here.
hp(804/804) sp(772/772) ep(566/566) > ...
[n] It doesn't seem possible to go that direction.
hp(804/804) sp(772/772) ep(566/566) > ...
[look] Brightly Lit Hallway [exits: south and east]
 You are wandering down a brightly lit hallway. To the east you can make out the entrance to Maxxis' Newbie Shop and to
the south is the way back to the ...
[kill earwig] There is no earwig here.
hp(804/804) sp(772/772) ep(566/566) > ...
[kill insect] There is no insect here.
hp(804/804) sp(772/772) ep(566/566) > ...
[kill bug] There is no bug here.
hp(804/804) sp(772/772) ep(566/566) > You receive a heal from the Gods as Zarp prays for your salvation.
...
[kill monster] There is no monster here.
hp(804/804) sp(772/772) ep(566/566) > ...
[kill creature] There is no creature here.
hp(804/804) sp(772/772) ep(566/566) > ...
[n] It doesn't seem possible to go that direction.
hp(804/804) sp(772/772) ep(566/566) > ...
[look] Brightly Lit Hallway [exits: south and east]
 You are wandering down a brightly lit hallway. To the east you can make out the entrance to Maxxis' Newbie Shop and to
the south is the way back to the ...
[kill earwig] ...
Traceback (most recent call last):
  File "/root/.openclaw/workspace/mud/emalz_grind.py", line 112, in <module>
    result = session.send(f"kill {target}", 3)
             ^^^^^^^^^^^^^^^^^^^^^^^^^^^^^^^^^
  File "/root/.openclaw/workspace/mud/emalz_grind.py", line 59, in send
    self.tn.write(f"{cmd}\n".encode())
  File "/usr/lib/python3.12/telnetlib.py", line 295, in write
    self.sock.sendall(buffer)
BrokenPipeError: [Errno 32] Broken pipe
