
26-05-17 23:14:15 [-] LockHandler on darkstaff(account 1): access type 'examine' changed from 'examine:perm(Admin)' to 'examine:perm(Admin)' 
LockHandler on darkstaff(account 1): access type 'edit' changed from 'edit:perm(Admin)' to 'edit:perm(Admin)' 
LockHandler on darkstaff(account 1): access type 'delete' changed from 'delete:perm(Admin)' to 'delete:perm(Admin)' 
LockHandler on darkstaff(account 1): access type 'boot' changed from 'boot:perm(Admin)' to 'boot:perm(Admin)' 
LockHandler on darkstaff(account 1): access type 'msg' changed from 'msg:all()' to 'msg:all()' 
LockHandler on darkstaff(account 1): access type 'noidletimeout' changed from 'noidletimeout:perm(Builder) or perm(noidletimeout)' to 'noidletimeout:perm(Builder) or perm(noidletimeout)'
26-05-17 23:14:15 [-] LockHandler on darkstaff(account 1): access type 'examine' changed from 'examine:perm(Admin)' to 'examine:perm(Developer)' 
LockHandler on darkstaff(account 1): access type 'edit' changed from 'edit:perm(Admin)' to 'edit:false()' 
LockHandler on darkstaff(account 1): access type 'delete' changed from 'delete:perm(Admin)' to 'delete:false()' 
LockHandler on darkstaff(account 1): access type 'boot' changed from 'boot:perm(Admin)' to 'boot:false()' 
LockHandler on darkstaff(account 1): access type 'msg' changed from 'msg:all()' to 'msg:all()'
26-05-17 23:14:15 [-] LockHandler on darkstaff: access type 'get' changed from 'get:all()' to 'get:false()' 
LockHandler on darkstaff: access type 'call' changed from 'call:true()' to 'call:false()' 
LockHandler on darkstaff: access type 'teleport' changed from 'teleport:true()' to 'teleport:perm(Admin)' 
LockHandler on darkstaff: access type 'teleport_here' changed from 'teleport_here:true()' to 'teleport_here:perm(Admin)'
26-05-17 23:14:15 [-] LockHandler on darkstaff: access type 'puppet' changed from 'puppet:pperm(Developer)' to 'puppet:pid(1) or id(darkstaff) or perm(Developer) or pperm(Developer)' 
LockHandler on darkstaff: access type 'delete' changed from 'delete:perm(Admin)' to 'delete:pid(1) or perm(Admin)' 
LockHandler on darkstaff: access type 'edit' changed from 'edit:perm(Admin)' to 'edit:pid(1) or perm(Admin)'
26-05-17 23:14:15 [-] LockHandler on darkstaff: access type 'puppet' changed from 'puppet:pid(1) or id(darkstaff) or perm(Developer) or pperm(Developer)' to 'puppet:id(1) or pid(1) or perm(Developer) or pperm(Developer)' 
LockHandler on darkstaff: access type 'delete' changed from 'delete:pid(1) or perm(Admin)' to 'delete:id(1) or perm(Admin)'
26-05-17 23:14:15 [-] LockHandler on darkstaff: access type 'examine' changed from 'examine:perm(Builder)' to 'examine:perm(Developer)' 
LockHandler on darkstaff: access type 'edit' changed from 'edit:pid(1) or perm(Admin)' to 'edit:false()' 
LockHandler on darkstaff: access type 'delete' changed from 'delete:id(1) or perm(Admin)' to 'delete:false()' 
LockHandler on darkstaff: access type 'puppet' changed from 'puppet:id(1) or pid(1) or perm(Developer) or pperm(Developer)' to 'puppet:false()'
26-05-17 23:14:15 [-] LockHandler on Limbo: access type 'get' changed from 'get:all()' to 'get:false()' 
LockHandler on Limbo: access type 'puppet' changed from 'puppet:pperm(Developer)' to 'puppet:false()' 
LockHandler on Limbo: access type 'teleport' changed from 'teleport:true()' to 'teleport:false()' 
LockHandler on Limbo: access type 'teleport_here' changed from 'teleport_here:true()' to 'teleport_here:true()'
26-05-17 23:14:16 [-] LockHandler on Channel 'MudInfo' (None): access type 'control' changed from 'control:perm(Admin)' to 'control:perm(Developer)' 
LockHandler on Channel 'MudInfo' (None): access type 'listen' changed from 'listen:all()' to 'listen:perm(Admin)' 
LockHandler on Channel 'MudInfo' (None): access type 'send' changed from 'send:all()' to 'send:false()'
26-05-17 23:14:16 [-] LockHandler on Channel 'Public' (None): access type 'control' changed from 'control:perm(Admin)' to 'control:perm(Admin)' 
LockHandler on Channel 'Public' (None): access type 'listen' changed from 'listen:all()' to 'listen:all()' 
LockHandler on Channel 'Public' (None): access type 'send' changed from 'send:all()' to 'send:all()'
26-05-17 23:17:52 [-] LockHandler on darkstaff(account 1): access type 'examine' changed from 'examine:perm(Admin)' to 'examine:perm(Admin)' 
LockHandler on darkstaff(account 1): access type 'edit' changed from 'edit:perm(Admin)' to 'edit:perm(Admin)' 
LockHandler on darkstaff(account 1): access type 'delete' changed from 'delete:perm(Admin)' to 'delete:perm(Admin)' 
LockHandler on darkstaff(account 1): access type 'boot' changed from 'boot:perm(Admin)' to 'boot:perm(Admin)' 
LockHandler on darkstaff(account 1): access type 'msg' changed from 'msg:all()' to 'msg:all()' 
LockHandler on darkstaff(account 1): access type 'noidletimeout' changed from 'noidletimeout:perm(Builder) or perm(noidletimeout)' to 'noidletimeout:perm(Builder) or perm(noidletimeout)'
26-05-17 23:17:52 [-] LockHandler on darkstaff(account 1): access type 'examine' changed from 'examine:perm(Admin)' to 'examine:perm(Developer)' 
LockHandler on darkstaff(account 1): access type 'edit' changed from 'edit:perm(Admin)' to 'edit:false()' 
LockHandler on darkstaff(account 1): access type 'delete' changed from 'delete:perm(Admin)' to 'delete:false()' 
LockHandler on darkstaff(account 1): access type 'boot' changed from 'boot:perm(Admin)' to 'boot:false()' 
LockHandler on darkstaff(account 1): access type 'msg' changed from 'msg:all()' to 'msg:all()'
26-05-17 23:17:52 [-] LockHandler on darkstaff: access type 'get' changed from 'get:all()' to 'get:false()' 
LockHandler on darkstaff: access type 'call' changed from 'call:true()' to 'call:false()' 
LockHandler on darkstaff: access type 'teleport' changed from 'teleport:true()' to 'teleport:perm(Admin)' 
LockHandler on darkstaff: access type 'teleport_here' changed from 'teleport_here:true()' to 'teleport_here:perm(Admin)'
26-05-17 23:17:52 [-] LockHandler on darkstaff: access type 'puppet' changed from 'puppet:pperm(Developer)' to 'puppet:pid(1) or id(darkstaff) or perm(Developer) or pperm(Developer)' 
LockHandler on darkstaff: access type 'delete' changed from 'delete:perm(Admin)' to 'delete:pid(1) or perm(Admin)' 
LockHandler on darkstaff: access type 'edit' changed from 'edit:perm(Admin)' to 'edit:pid(1) or perm(Admin)'
26-05-17 23:17:52 [-] LockHandler on darkstaff: access type 'puppet' changed from 'puppet:pid(1) or id(darkstaff) or perm(Developer) or pperm(Developer)' to 'puppet:id(1) or pid(1) or perm(Developer) or pperm(Developer)' 
LockHandler on darkstaff: access type 'delete' changed from 'delete:pid(1) or perm(Admin)' to 'delete:id(1) or perm(Admin)'
26-05-17 23:17:52 [-] LockHandler on darkstaff: access type 'examine' changed from 'examine:perm(Builder)' to 'examine:perm(Developer)' 
LockHandler on darkstaff: access type 'edit' changed from 'edit:pid(1) or perm(Admin)' to 'edit:false()' 
LockHandler on darkstaff: access type 'delete' changed from 'delete:id(1) or perm(Admin)' to 'delete:false()' 
LockHandler on darkstaff: access type 'puppet' changed from 'puppet:id(1) or pid(1) or perm(Developer) or pperm(Developer)' to 'puppet:false()'
26-05-17 23:17:52 [-] LockHandler on Limbo: access type 'get' changed from 'get:all()' to 'get:false()' 
LockHandler on Limbo: access type 'puppet' changed from 'puppet:pperm(Developer)' to 'puppet:false()' 
LockHandler on Limbo: access type 'teleport' changed from 'teleport:true()' to 'teleport:false()' 
LockHandler on Limbo: access type 'teleport_here' changed from 'teleport_here:true()' to 'teleport_here:true()'
26-05-17 23:19:34 [-] LockHandler on darkstaff(account 1): access type 'examine' changed from 'examine:perm(Admin)' to 'examine:perm(Admin)' 
LockHandler on darkstaff(account 1): access type 'edit' changed from 'edit:perm(Admin)' to 'edit:perm(Admin)' 
LockHandler on darkstaff(account 1): access type 'delete' changed from 'delete:perm(Admin)' to 'delete:perm(Admin)' 
LockHandler on darkstaff(account 1): access type 'boot' changed from 'boot:perm(Admin)' to 'boot:perm(Admin)' 
LockHandler on darkstaff(account 1): access type 'msg' changed from 'msg:all()' to 'msg:all()' 
LockHandler on darkstaff(account 1): access type 'noidletimeout' changed from 'noidletimeout:perm(Builder) or perm(noidletimeout)' to 'noidletimeout:perm(Builder) or perm(noidletimeout)'
26-05-17 23:19:34 [-] LockHandler on darkstaff(account 1): access type 'examine' changed from 'examine:perm(Admin)' to 'examine:perm(Developer)' 
LockHandler on darkstaff(account 1): access type 'edit' changed from 'edit:perm(Admin)' to 'edit:false()' 
LockHandler on darkstaff(account 1): access type 'delete' changed from 'delete:perm(Admin)' to 'delete:false()' 
LockHandler on darkstaff(account 1): access type 'boot' changed from 'boot:perm(Admin)' to 'boot:false()' 
LockHandler on darkstaff(account 1): access type 'msg' changed from 'msg:all()' to 'msg:all()'
26-05-17 23:19:34 [-] LockHandler on darkstaff: access type 'get' changed from 'get:all()' to 'get:false()' 
LockHandler on darkstaff: access type 'call' changed from 'call:true()' to 'call:false()' 
LockHandler on darkstaff: access type 'teleport' changed from 'teleport:true()' to 'teleport:perm(Admin)' 
LockHandler on darkstaff: access type 'teleport_here' changed from 'teleport_here:true()' to 'teleport_here:perm(Admin)'
26-05-17 23:19:34 [-] LockHandler on darkstaff: access type 'puppet' changed from 'puppet:pperm(Developer)' to 'puppet:pid(1) or id(darkstaff) or perm(Developer) or pperm(Developer)' 
LockHandler on darkstaff: access type 'delete' changed from 'delete:perm(Admin)' to 'delete:pid(1) or perm(Admin)' 
LockHandler on darkstaff: access type 'edit' changed from 'edit:perm(Admin)' to 'edit:pid(1) or perm(Admin)'
26-05-17 23:19:34 [-] LockHandler on darkstaff: access type 'puppet' changed from 'puppet:pid(1) or id(darkstaff) or perm(Developer) or pperm(Developer)' to 'puppet:id(1) or pid(1) or perm(Developer) or pperm(Developer)' 
LockHandler on darkstaff: access type 'delete' changed from 'delete:pid(1) or perm(Admin)' to 'delete:id(1) or perm(Admin)'
26-05-17 23:19:34 [-] LockHandler on darkstaff: access type 'examine' changed from 'examine:perm(Builder)' to 'examine:perm(Developer)' 
LockHandler on darkstaff: access type 'edit' changed from 'edit:pid(1) or perm(Admin)' to 'edit:false()' 
LockHandler on darkstaff: access type 'delete' changed from 'delete:id(1) or perm(Admin)' to 'delete:false()' 
LockHandler on darkstaff: access type 'puppet' changed from 'puppet:id(1) or pid(1) or perm(Developer) or pperm(Developer)' to 'puppet:false()'
26-05-17 23:19:34 [-] LockHandler on Limbo: access type 'get' changed from 'get:all()' to 'get:false()' 
LockHandler on Limbo: access type 'puppet' changed from 'puppet:pperm(Developer)' to 'puppet:false()' 
LockHandler on Limbo: access type 'teleport' changed from 'teleport:true()' to 'teleport:false()' 
LockHandler on Limbo: access type 'teleport_here' changed from 'teleport_here:true()' to 'teleport_here:true()'
26-05-17 23:19:34 [-] LockHandler on Adventurer Guild Entrance: access type 'get' changed from 'get:all()' to 'get:false()' 
LockHandler on Adventurer Guild Entrance: access type 'puppet' changed from 'puppet:pperm(Developer)' to 'puppet:false()' 
LockHandler on Adventurer Guild Entrance: access type 'teleport' changed from 'teleport:true()' to 'teleport:false()' 
LockHandler on Adventurer Guild Entrance: access type 'teleport_here' changed from 'teleport_here:true()' to 'teleport_here:true()'
26-05-17 23:19:35 [-] LockHandler on Adventurers Leveling Place: access type 'get' changed from 'get:all()' to 'get:false()' 
LockHandler on Adventurers Leveling Place: access type 'puppet' changed from 'puppet:pperm(Developer)' to 'puppet:false()' 
LockHandler on Adventurers Leveling Place: access type 'teleport' changed from 'teleport:true()' to 'teleport:false()' 
LockHandler on Adventurers Leveling Place: access type 'teleport_here' changed from 'teleport_here:true()' to 'teleport_here:true()'
26-05-17 23:19:35 [-] LockHandler on Achman the Judge: access type 'get' changed from 'get:all()' to 'get:false()' 
LockHandler on Achman the Judge: access type 'call' changed from 'call:true()' to 'call:false()' 
LockHandler on Achman the Judge: access type 'teleport' changed from 'teleport:true()' to 'teleport:perm(Admin)' 
LockHandler on Achman the Judge: access type 'teleport_here' changed from 'teleport_here:true()' to 'teleport_here:perm(Admin)'
26-05-17 23:19:35 [-] LockHandler on east: access type 'puppet' changed from 'puppet:pperm(Developer)' to 'puppet:false()' 
LockHandler on east: access type 'get' changed from 'get:all()' to 'get:false()' 
LockHandler on east: access type 'teleport' changed from 'teleport:true()' to 'teleport:false()' 
LockHandler on east: access type 'teleport_here' changed from 'teleport_here:true()' to 'teleport_here:false()'
26-05-17 23:19:35 [-] LockHandler on west: access type 'puppet' changed from 'puppet:pperm(Developer)' to 'puppet:false()' 
LockHandler on west: access type 'get' changed from 'get:all()' to 'get:false()' 
LockHandler on west: access type 'teleport' changed from 'teleport:true()' to 'teleport:false()' 
LockHandler on west: access type 'teleport_here' changed from 'teleport_here:true()' to 'teleport_here:false()'
26-05-17 23:19:35 [-] LockHandler on Myth Room: access type 'get' changed from 'get:all()' to 'get:false()' 
LockHandler on Myth Room: access type 'puppet' changed from 'puppet:pperm(Developer)' to 'puppet:false()' 
LockHandler on Myth Room: access type 'teleport' changed from 'teleport:true()' to 'teleport:false()' 
LockHandler on Myth Room: access type 'teleport_here' changed from 'teleport_here:true()' to 'teleport_here:true()'
26-05-17 23:19:35 [-] LockHandler on south: access type 'puppet' changed from 'puppet:pperm(Developer)' to 'puppet:false()' 
LockHandler on south: access type 'get' changed from 'get:all()' to 'get:false()' 
LockHandler on south: access type 'teleport' changed from 'teleport:true()' to 'teleport:false()' 
LockHandler on south: access type 'teleport_here' changed from 'teleport_here:true()' to 'teleport_here:false()'
26-05-17 23:19:35 [-] LockHandler on north: access type 'puppet' changed from 'puppet:pperm(Developer)' to 'puppet:false()' 
LockHandler on north: access type 'get' changed from 'get:all()' to 'get:false()' 
LockHandler on north: access type 'teleport' changed from 'teleport:true()' to 'teleport:false()' 
LockHandler on north: access type 'teleport_here' changed from 'teleport_here:true()' to 'teleport_here:false()'
26-05-17 23:19:35 [-] LockHandler on Silent Room: access type 'get' changed from 'get:all()' to 'get:false()' 
LockHandler on Silent Room: access type 'puppet' changed from 'puppet:pperm(Developer)' to 'puppet:false()' 
LockHandler on Silent Room: access type 'teleport' changed from 'teleport:true()' to 'teleport:false()' 
LockHandler on Silent Room: access type 'teleport_here' changed from 'teleport_here:true()' to 'teleport_here:true()'
26-05-17 23:19:35 [-] LockHandler on northeast: access type 'puppet' changed from 'puppet:pperm(Developer)' to 'puppet:false()' 
LockHandler on northeast: access type 'get' changed from 'get:all()' to 'get:false()' 
LockHandler on northeast: access type 'teleport' changed from 'teleport:true()' to 'teleport:false()' 
LockHandler on northeast: access type 'teleport_here' changed from 'teleport_here:true()' to 'teleport_here:false()'
26-05-17 23:19:35 [-] LockHandler on southwest: access type 'puppet' changed from 'puppet:pperm(Developer)' to 'puppet:false()' 
LockHandler on southwest: access type 'get' changed from 'get:all()' to 'get:false()' 
LockHandler on southwest: access type 'teleport' changed from 'teleport:true()' to 'teleport:false()' 
LockHandler on southwest: access type 'teleport_here' changed from 'teleport_here:true()' to 'teleport_here:false()'
26-05-17 23:19:35 [-] LockHandler on Plaque Rooms: access type 'get' changed from 'get:all()' to 'get:false()' 
LockHandler on Plaque Rooms: access type 'puppet' changed from 'puppet:pperm(Developer)' to 'puppet:false()' 
LockHandler on Plaque Rooms: access type 'teleport' changed from 'teleport:true()' to 'teleport:false()' 
LockHandler on Plaque Rooms: access type 'teleport_here' changed from 'teleport_here:true()' to 'teleport_here:true()'
26-05-17 23:19:35 [-] LockHandler on west: access type 'puppet' changed from 'puppet:pperm(Developer)' to 'puppet:false()' 
LockHandler on west: access type 'get' changed from 'get:all()' to 'get:false()' 
LockHandler on west: access type 'teleport' changed from 'teleport:true()' to 'teleport:false()' 
LockHandler on west: access type 'teleport_here' changed from 'teleport_here:true()' to 'teleport_here:false()'
26-05-17 23:19:35 [-] LockHandler on east: access type 'puppet' changed from 'puppet:pperm(Developer)' to 'puppet:false()' 
LockHandler on east: access type 'get' changed from 'get:all()' to 'get:false()' 
LockHandler on east: access type 'teleport' changed from 'teleport:true()' to 'teleport:false()' 
LockHandler on east: access type 'teleport_here' changed from 'teleport_here:true()' to 'teleport_here:false()'
26-05-17 23:19:35 [-] LockHandler on Portal Room: access type 'get' changed from 'get:all()' to 'get:false()' 
LockHandler on Portal Room: access type 'puppet' changed from 'puppet:pperm(Developer)' to 'puppet:false()' 
LockHandler on Portal Room: access type 'teleport' changed from 'teleport:true()' to 'teleport:false()' 
LockHandler on Portal Room: access type 'teleport_here' changed from 'teleport_here:true()' to 'teleport_here:true()'
26-05-17 23:19:35 [-] LockHandler on southwest: access type 'puppet' changed from 'puppet:pperm(Developer)' to 'puppet:false()' 
LockHandler on southwest: access type 'get' changed from 'get:all()' to 'get:false()' 
LockHandler on southwest: access type 'teleport' changed from 'teleport:true()' to 'teleport:false()' 
LockHandler on southwest: access type 'teleport_here' changed from 'teleport_here:true()' to 'teleport_here:false()'
26-05-17 23:19:35 [-] LockHandler on northeast: access type 'puppet' changed from 'puppet:pperm(Developer)' to 'puppet:false()' 
LockHandler on northeast: access type 'get' changed from 'get:all()' to 'get:false()' 
LockHandler on northeast: access type 'teleport' changed from 'teleport:true()' to 'teleport:false()' 
LockHandler on northeast: access type 'teleport_here' changed from 'teleport_here:true()' to 'teleport_here:false()'
26-05-17 23:19:35 [-] LockHandler on On Cloud Road between Gossamer and Titan: access type 'get' changed from 'get:all()' to 'get:false()' 
LockHandler on On Cloud Road between Gossamer and Titan: access type 'puppet' changed from 'puppet:pperm(Developer)' to 'puppet:false()' 
LockHandler on On Cloud Road between Gossamer and Titan: access type 'teleport' changed from 'teleport:true()' to 'teleport:false()' 
LockHandler on On Cloud Road between Gossamer and Titan: access type 'teleport_here' changed from 'teleport_here:true()' to 'teleport_here:true()'
26-05-17 23:19:35 [-] LockHandler on north: access type 'puppet' changed from 'puppet:pperm(Developer)' to 'puppet:false()' 
LockHandler on north: access type 'get' changed from 'get:all()' to 'get:false()' 
LockHandler on north: access type 'teleport' changed from 'teleport:true()' to 'teleport:false()' 
LockHandler on north: access type 'teleport_here' changed from 'teleport_here:true()' to 'teleport_here:false()'
26-05-17 23:19:35 [-] LockHandler on south: access type 'puppet' changed from 'puppet:pperm(Developer)' to 'puppet:false()' 
LockHandler on south: access type 'get' changed from 'get:all()' to 'get:false()' 
LockHandler on south: access type 'teleport' changed from 'teleport:true()' to 'teleport:false()' 
LockHandler on south: access type 'teleport_here' changed from 'teleport_here:true()' to 'teleport_here:false()'
26-05-17 23:19:35 [-] LockHandler on Intersection of Cloud and Titan: access type 'get' changed from 'get:all()' to 'get:false()' 
LockHandler on Intersection of Cloud and Titan: access type 'puppet' changed from 'puppet:pperm(Developer)' to 'puppet:false()' 
LockHandler on Intersection of Cloud and Titan: access type 'teleport' changed from 'teleport:true()' to 'teleport:false()' 
LockHandler on Intersection of Cloud and Titan: access type 'teleport_here' changed from 'teleport_here:true()' to 'teleport_here:true()'
26-05-17 23:19:36 [-] LockHandler on east: access type 'puppet' changed from 'puppet:pperm(Developer)' to 'puppet:false()' 
LockHandler on east: access type 'get' changed from 'get:all()' to 'get:false()' 
LockHandler on east: access type 'teleport' changed from 'teleport:true()' to 'teleport:false()' 
LockHandler on east: access type 'teleport_here' changed from 'teleport_here:true()' to 'teleport_here:false()'
26-05-17 23:19:36 [-] LockHandler on west: access type 'puppet' changed from 'puppet:pperm(Developer)' to 'puppet:false()' 
LockHandler on west: access type 'get' changed from 'get:all()' to 'get:false()' 
LockHandler on west: access type 'teleport' changed from 'teleport:true()' to 'teleport:false()' 
LockHandler on west: access type 'teleport_here' changed from 'teleport_here:true()' to 'teleport_here:false()'
26-05-17 23:19:36 [-] LockHandler on On Titan Street: access type 'get' changed from 'get:all()' to 'get:false()' 
LockHandler on On Titan Street: access type 'puppet' changed from 'puppet:pperm(Developer)' to 'puppet:false()' 
LockHandler on On Titan Street: access type 'teleport' changed from 'teleport:true()' to 'teleport:false()' 
LockHandler on On Titan Street: access type 'teleport_here' changed from 'teleport_here:true()' to 'teleport_here:true()'
26-05-17 23:19:36 [-] LockHandler on north: access type 'puppet' changed from 'puppet:pperm(Developer)' to 'puppet:false()' 
LockHandler on north: access type 'get' changed from 'get:all()' to 'get:false()' 
LockHandler on north: access type 'teleport' changed from 'teleport:true()' to 'teleport:false()' 
LockHandler on north: access type 'teleport_here' changed from 'teleport_here:true()' to 'teleport_here:false()'
26-05-17 23:19:36 [-] LockHandler on south: access type 'puppet' changed from 'puppet:pperm(Developer)' to 'puppet:false()' 
LockHandler on south: access type 'get' changed from 'get:all()' to 'get:false()' 
LockHandler on south: access type 'teleport' changed from 'teleport:true()' to 'teleport:false()' 
LockHandler on south: access type 'teleport_here' changed from 'teleport_here:true()' to 'teleport_here:false()'
26-05-17 23:19:36 [-] LockHandler on On Gossamer Street: access type 'get' changed from 'get:all()' to 'get:false()' 
LockHandler on On Gossamer Street: access type 'puppet' changed from 'puppet:pperm(Developer)' to 'puppet:false()' 
LockHandler on On Gossamer Street: access type 'teleport' changed from 'teleport:true()' to 'teleport:false()' 
LockHandler on On Gossamer Street: access type 'teleport_here' changed from 'teleport_here:true()' to 'teleport_here:true()'
26-05-17 23:19:36 [-] LockHandler on west: access type 'puppet' changed from 'puppet:pperm(Developer)' to 'puppet:false()' 
LockHandler on west: access type 'get' changed from 'get:all()' to 'get:false()' 
LockHandler on west: access type 'teleport' changed from 'teleport:true()' to 'teleport:false()' 
LockHandler on west: access type 'teleport_here' changed from 'teleport_here:true()' to 'teleport_here:false()'
26-05-17 23:19:36 [-] LockHandler on east: access type 'puppet' changed from 'puppet:pperm(Developer)' to 'puppet:false()' 
LockHandler on east: access type 'get' changed from 'get:all()' to 'get:false()' 
LockHandler on east: access type 'teleport' changed from 'teleport:true()' to 'teleport:false()' 
LockHandler on east: access type 'teleport_here' changed from 'teleport_here:true()' to 'teleport_here:false()'
26-05-17 23:19:36 [-] LockHandler on Achman the Judge: access type 'get' changed from 'get:all()' to 'get:false()' 
LockHandler on Achman the Judge: access type 'call' changed from 'call:true()' to 'call:false()' 
LockHandler on Achman the Judge: access type 'teleport' changed from 'teleport:true()' to 'teleport:perm(Admin)' 
LockHandler on Achman the Judge: access type 'teleport_here' changed from 'teleport_here:true()' to 'teleport_here:perm(Admin)'
26-05-17 23:19:36 [-] LockHandler on Bank of Illium: access type 'get' changed from 'get:all()' to 'get:false()' 
LockHandler on Bank of Illium: access type 'puppet' changed from 'puppet:pperm(Developer)' to 'puppet:false()' 
LockHandler on Bank of Illium: access type 'teleport' changed from 'teleport:true()' to 'teleport:false()' 
LockHandler on Bank of Illium: access type 'teleport_here' changed from 'teleport_here:true()' to 'teleport_here:true()'
26-05-17 23:19:36 [-] LockHandler on north: access type 'puppet' changed from 'puppet:pperm(Developer)' to 'puppet:false()' 
LockHandler on north: access type 'get' changed from 'get:all()' to 'get:false()' 
LockHandler on north: access type 'teleport' changed from 'teleport:true()' to 'teleport:false()' 
LockHandler on north: access type 'teleport_here' changed from 'teleport_here:true()' to 'teleport_here:false()'
26-05-17 23:19:36 [-] LockHandler on south: access type 'puppet' changed from 'puppet:pperm(Developer)' to 'puppet:false()' 
LockHandler on south: access type 'get' changed from 'get:all()' to 'get:false()' 
LockHandler on south: access type 'teleport' changed from 'teleport:true()' to 'teleport:false()' 
LockHandler on south: access type 'teleport_here' changed from 'teleport_here:true()' to 'teleport_here:false()'
26-05-17 23:19:36 [-] LockHandler on Maxxis General Store: access type 'get' changed from 'get:all()' to 'get:false()' 
LockHandler on Maxxis General Store: access type 'puppet' changed from 'puppet:pperm(Developer)' to 'puppet:false()' 
LockHandler on Maxxis General Store: access type 'teleport' changed from 'teleport:true()' to 'teleport:false()' 
LockHandler on Maxxis General Store: access type 'teleport_here' changed from 'teleport_here:true()' to 'teleport_here:true()'
26-05-17 23:19:36 [-] LockHandler on east: access type 'puppet' changed from 'puppet:pperm(Developer)' to 'puppet:false()' 
LockHandler on east: access type 'get' changed from 'get:all()' to 'get:false()' 
LockHandler on east: access type 'teleport' changed from 'teleport:true()' to 'teleport:false()' 
LockHandler on east: access type 'teleport_here' changed from 'teleport_here:true()' to 'teleport_here:false()'
26-05-17 23:19:36 [-] LockHandler on west: access type 'puppet' changed from 'puppet:pperm(Developer)' to 'puppet:false()' 
LockHandler on west: access type 'get' changed from 'get:all()' to 'get:false()' 
LockHandler on west: access type 'teleport' changed from 'teleport:true()' to 'teleport:false()' 
LockHandler on west: access type 'teleport_here' changed from 'teleport_here:true()' to 'teleport_here:false()'
26-05-17 23:19:41 [-] LockHandler on Channel 'MudInfo' (None): access type 'control' changed from 'control:perm(Admin)' to 'control:perm(Developer)' 
LockHandler on Channel 'MudInfo' (None): access type 'listen' changed from 'listen:all()' to 'listen:perm(Admin)' 
LockHandler on Channel 'MudInfo' (None): access type 'send' changed from 'send:all()' to 'send:false()'
26-05-17 23:19:41 [-] LockHandler on Channel 'Public' (None): access type 'control' changed from 'control:perm(Admin)' to 'control:perm(Admin)' 
LockHandler on Channel 'Public' (None): access type 'listen' changed from 'listen:all()' to 'listen:all()' 
LockHandler on Channel 'Public' (None): access type 'send' changed from 'send:all()' to 'send:all()'
26-05-17 23:21:10 [-] LockHandler on darkstaff(account 1): access type 'examine' changed from 'examine:perm(Admin)' to 'examine:perm(Admin)' 
LockHandler on darkstaff(account 1): access type 'edit' changed from 'edit:perm(Admin)' to 'edit:perm(Admin)' 
LockHandler on darkstaff(account 1): access type 'delete' changed from 'delete:perm(Admin)' to 'delete:perm(Admin)' 
LockHandler on darkstaff(account 1): access type 'boot' changed from 'boot:perm(Admin)' to 'boot:perm(Admin)' 
LockHandler on darkstaff(account 1): access type 'msg' changed from 'msg:all()' to 'msg:all()' 
LockHandler on darkstaff(account 1): access type 'noidletimeout' changed from 'noidletimeout:perm(Builder) or perm(noidletimeout)' to 'noidletimeout:perm(Builder) or perm(noidletimeout)'
26-05-17 23:21:10 [-] LockHandler on darkstaff(account 1): access type 'examine' changed from 'examine:perm(Admin)' to 'examine:perm(Developer)' 
LockHandler on darkstaff(account 1): access type 'edit' changed from 'edit:perm(Admin)' to 'edit:false()' 
LockHandler on darkstaff(account 1): access type 'delete' changed from 'delete:perm(Admin)' to 'delete:false()' 
LockHandler on darkstaff(account 1): access type 'boot' changed from 'boot:perm(Admin)' to 'boot:false()' 
LockHandler on darkstaff(account 1): access type 'msg' changed from 'msg:all()' to 'msg:all()'
26-05-17 23:21:10 [-] LockHandler on darkstaff: access type 'get' changed from 'get:all()' to 'get:false()' 
LockHandler on darkstaff: access type 'call' changed from 'call:true()' to 'call:false()' 
LockHandler on darkstaff: access type 'teleport' changed from 'teleport:true()' to 'teleport:perm(Admin)' 
LockHandler on darkstaff: access type 'teleport_here' changed from 'teleport_here:true()' to 'teleport_here:perm(Admin)'
26-05-17 23:21:10 [-] LockHandler on darkstaff: access type 'puppet' changed from 'puppet:pperm(Developer)' to 'puppet:pid(1) or id(darkstaff) or perm(Developer) or pperm(Developer)' 
LockHandler on darkstaff: access type 'delete' changed from 'delete:perm(Admin)' to 'delete:pid(1) or perm(Admin)' 
LockHandler on darkstaff: access type 'edit' changed from 'edit:perm(Admin)' to 'edit:pid(1) or perm(Admin)'
26-05-17 23:21:10 [-] LockHandler on darkstaff: access type 'puppet' changed from 'puppet:pid(1) or id(darkstaff) or perm(Developer) or pperm(Developer)' to 'puppet:id(1) or pid(1) or perm(Developer) or pperm(Developer)' 
LockHandler on darkstaff: access type 'delete' changed from 'delete:pid(1) or perm(Admin)' to 'delete:id(1) or perm(Admin)'
26-05-17 23:21:10 [-] LockHandler on darkstaff: access type 'examine' changed from 'examine:perm(Builder)' to 'examine:perm(Developer)' 
LockHandler on darkstaff: access type 'edit' changed from 'edit:pid(1) or perm(Admin)' to 'edit:false()' 
LockHandler on darkstaff: access type 'delete' changed from 'delete:id(1) or perm(Admin)' to 'delete:false()' 
LockHandler on darkstaff: access type 'puppet' changed from 'puppet:id(1) or pid(1) or perm(Developer) or pperm(Developer)' to 'puppet:false()'
26-05-17 23:21:10 [-] LockHandler on Limbo: access type 'get' changed from 'get:all()' to 'get:false()' 
LockHandler on Limbo: access type 'puppet' changed from 'puppet:pperm(Developer)' to 'puppet:false()' 
LockHandler on Limbo: access type 'teleport' changed from 'teleport:true()' to 'teleport:false()' 
LockHandler on Limbo: access type 'teleport_here' changed from 'teleport_here:true()' to 'teleport_here:true()'
26-05-17 23:21:10 [-] LockHandler on Adventurer Guild Entrance: access type 'get' changed from 'get:all()' to 'get:false()' 
LockHandler on Adventurer Guild Entrance: access type 'puppet' changed from 'puppet:pperm(Developer)' to 'puppet:false()' 
LockHandler on Adventurer Guild Entrance: access type 'teleport' changed from 'teleport:true()' to 'teleport:false()' 
LockHandler on Adventurer Guild Entrance: access type 'teleport_here' changed from 'teleport_here:true()' to 'teleport_here:true()'
26-05-17 23:21:10 [-] LockHandler on Adventurers Leveling Place: access type 'get' changed from 'get:all()' to 'get:false()' 
LockHandler on Adventurers Leveling Place: access type 'puppet' changed from 'puppet:pperm(Developer)' to 'puppet:false()' 
LockHandler on Adventurers Leveling Place: access type 'teleport' changed from 'teleport:true()' to 'teleport:false()' 
LockHandler on Adventurers Leveling Place: access type 'teleport_here' changed from 'teleport_here:true()' to 'teleport_here:true()'
26-05-17 23:21:11 [-] LockHandler on Achman the Judge: access type 'get' changed from 'get:all()' to 'get:false()' 
LockHandler on Achman the Judge: access type 'call' changed from 'call:true()' to 'call:false()' 
LockHandler on Achman the Judge: access type 'teleport' changed from 'teleport:true()' to 'teleport:perm(Admin)' 
LockHandler on Achman the Judge: access type 'teleport_here' changed from 'teleport_here:true()' to 'teleport_here:perm(Admin)'
26-05-17 23:21:11 [-] LockHandler on east: access type 'puppet' changed from 'puppet:pperm(Developer)' to 'puppet:false()' 
LockHandler on east: access type 'get' changed from 'get:all()' to 'get:false()' 
LockHandler on east: access type 'teleport' changed from 'teleport:true()' to 'teleport:false()' 
LockHandler on east: access type 'teleport_here' changed from 'teleport_here:true()' to 'teleport_here:false()'
26-05-17 23:21:11 [-] LockHandler on west: access type 'puppet' changed from 'puppet:pperm(Developer)' to 'puppet:false()' 
LockHandler on west: access type 'get' changed from 'get:all()' to 'get:false()' 
LockHandler on west: access type 'teleport' changed from 'teleport:true()' to 'teleport:false()' 
LockHandler on west: access type 'teleport_here' changed from 'teleport_here:true()' to 'teleport_here:false()'
26-05-17 23:21:11 [-] LockHandler on Myth Room: access type 'get' changed from 'get:all()' to 'get:false()' 
LockHandler on Myth Room: access type 'puppet' changed from 'puppet:pperm(Developer)' to 'puppet:false()' 
LockHandler on Myth Room: access type 'teleport' changed from 'teleport:true()' to 'teleport:false()' 
LockHandler on Myth Room: access type 'teleport_here' changed from 'teleport_here:true()' to 'teleport_here:true()'
26-05-17 23:21:11 [-] LockHandler on south: access type 'puppet' changed from 'puppet:pperm(Developer)' to 'puppet:false()' 
LockHandler on south: access type 'get' changed from 'get:all()' to 'get:false()' 
LockHandler on south: access type 'teleport' changed from 'teleport:true()' to 'teleport:false()' 
LockHandler on south: access type 'teleport_here' changed from 'teleport_here:true()' to 'teleport_here:false()'
26-05-17 23:21:11 [-] LockHandler on north: access type 'puppet' changed from 'puppet:pperm(Developer)' to 'puppet:false()' 
LockHandler on north: access type 'get' changed from 'get:all()' to 'get:false()' 
LockHandler on north: access type 'teleport' changed from 'teleport:true()' to 'teleport:false()' 
LockHandler on north: access type 'teleport_here' changed from 'teleport_here:true()' to 'teleport_here:false()'
26-05-17 23:21:11 [-] LockHandler on Silent Room: access type 'get' changed from 'get:all()' to 'get:false()' 
LockHandler on Silent Room: access type 'puppet' changed from 'puppet:pperm(Developer)' to 'puppet:false()' 
LockHandler on Silent Room: access type 'teleport' changed from 'teleport:true()' to 'teleport:false()' 
LockHandler on Silent Room: access type 'teleport_here' changed from 'teleport_here:true()' to 'teleport_here:true()'
26-05-17 23:21:11 [-] LockHandler on northeast: access type 'puppet' changed from 'puppet:pperm(Developer)' to 'puppet:false()' 
LockHandler on northeast: access type 'get' changed from 'get:all()' to 'get:false()' 
LockHandler on northeast: access type 'teleport' changed from 'teleport:true()' to 'teleport:false()' 
LockHandler on northeast: access type 'teleport_here' changed from 'teleport_here:true()' to 'teleport_here:false()'
26-05-17 23:21:11 [-] LockHandler on southwest: access type 'puppet' changed from 'puppet:pperm(Developer)' to 'puppet:false()' 
LockHandler on southwest: access type 'get' changed from 'get:all()' to 'get:false()' 
LockHandler on southwest: access type 'teleport' changed from 'teleport:true()' to 'teleport:false()' 
LockHandler on southwest: access type 'teleport_here' changed from 'teleport_here:true()' to 'teleport_here:false()'
26-05-17 23:21:11 [-] LockHandler on Plaque Rooms: access type 'get' changed from 'get:all()' to 'get:false()' 
LockHandler on Plaque Rooms: access type 'puppet' changed from 'puppet:pperm(Developer)' to 'puppet:false()' 
LockHandler on Plaque Rooms: access type 'teleport' changed from 'teleport:true()' to 'teleport:false()' 
LockHandler on Plaque Rooms: access type 'teleport_here' changed from 'teleport_here:true()' to 'teleport_here:true()'
26-05-17 23:21:11 [-] LockHandler on west: access type 'puppet' changed from 'puppet:pperm(Developer)' to 'puppet:false()' 
LockHandler on west: access type 'get' changed from 'get:all()' to 'get:false()' 
LockHandler on west: access type 'teleport' changed from 'teleport:true()' to 'teleport:false()' 
LockHandler on west: access type 'teleport_here' changed from 'teleport_here:true()' to 'teleport_here:false()'
26-05-17 23:21:11 [-] LockHandler on east: access type 'puppet' changed from 'puppet:pperm(Developer)' to 'puppet:false()' 
LockHandler on east: access type 'get' changed from 'get:all()' to 'get:false()' 
LockHandler on east: access type 'teleport' changed from 'teleport:true()' to 'teleport:false()' 
LockHandler on east: access type 'teleport_here' changed from 'teleport_here:true()' to 'teleport_here:false()'
26-05-17 23:21:11 [-] LockHandler on Portal Room: access type 'get' changed from 'get:all()' to 'get:false()' 
LockHandler on Portal Room: access type 'puppet' changed from 'puppet:pperm(Developer)' to 'puppet:false()' 
LockHandler on Portal Room: access type 'teleport' changed from 'teleport:true()' to 'teleport:false()' 
LockHandler on Portal Room: access type 'teleport_here' changed from 'teleport_here:true()' to 'teleport_here:true()'
26-05-17 23:21:11 [-] LockHandler on southwest: access type 'puppet' changed from 'puppet:pperm(Developer)' to 'puppet:false()' 
LockHandler on southwest: access type 'get' changed from 'get:all()' to 'get:false()' 
LockHandler on southwest: access type 'teleport' changed from 'teleport:true()' to 'teleport:false()' 
LockHandler on southwest: access type 'teleport_here' changed from 'teleport_here:true()' to 'teleport_here:false()'
26-05-17 23:21:11 [-] LockHandler on northeast: access type 'puppet' changed from 'puppet:pperm(Developer)' to 'puppet:false()' 
LockHandler on northeast: access type 'get' changed from 'get:all()' to 'get:false()' 
LockHandler on northeast: access type 'teleport' changed from 'teleport:true()' to 'teleport:false()' 
LockHandler on northeast: access type 'teleport_here' changed from 'teleport_here:true()' to 'teleport_here:false()'
26-05-17 23:21:11 [-] LockHandler on On Cloud Road between Gossamer and Titan: access type 'get' changed from 'get:all()' to 'get:false()' 
LockHandler on On Cloud Road between Gossamer and Titan: access type 'puppet' changed from 'puppet:pperm(Developer)' to 'puppet:false()' 
LockHandler on On Cloud Road between Gossamer and Titan: access type 'teleport' changed from 'teleport:true()' to 'teleport:false()' 
LockHandler on On Cloud Road between Gossamer and Titan: access type 'teleport_here' changed from 'teleport_here:true()' to 'teleport_here:true()'
26-05-17 23:21:11 [-] LockHandler on north: access type 'puppet' changed from 'puppet:pperm(Developer)' to 'puppet:false()' 
LockHandler on north: access type 'get' changed from 'get:all()' to 'get:false()' 
LockHandler on north: access type 'teleport' changed from 'teleport:true()' to 'teleport:false()' 
LockHandler on north: access type 'teleport_here' changed from 'teleport_here:true()' to 'teleport_here:false()'
26-05-17 23:21:11 [-] LockHandler on south: access type 'puppet' changed from 'puppet:pperm(Developer)' to 'puppet:false()' 
LockHandler on south: access type 'get' changed from 'get:all()' to 'get:false()' 
LockHandler on south: access type 'teleport' changed from 'teleport:true()' to 'teleport:false()' 
LockHandler on south: access type 'teleport_here' changed from 'teleport_here:true()' to 'teleport_here:false()'
26-05-17 23:21:11 [-] LockHandler on Intersection of Cloud and Titan: access type 'get' changed from 'get:all()' to 'get:false()' 
LockHandler on Intersection of Cloud and Titan: access type 'puppet' changed from 'puppet:pperm(Developer)' to 'puppet:false()' 
LockHandler on Intersection of Cloud and Titan: access type 'teleport' changed from 'teleport:true()' to 'teleport:false()' 
LockHandler on Intersection of Cloud and Titan: access type 'teleport_here' changed from 'teleport_here:true()' to 'teleport_here:true()'
26-05-17 23:21:11 [-] LockHandler on east: access type 'puppet' changed from 'puppet:pperm(Developer)' to 'puppet:false()' 
LockHandler on east: access type 'get' changed from 'get:all()' to 'get:false()' 
LockHandler on east: access type 'teleport' changed from 'teleport:true()' to 'teleport:false()' 
LockHandler on east: access type 'teleport_here' changed from 'teleport_here:true()' to 'teleport_here:false()'
26-05-17 23:21:11 [-] LockHandler on west: access type 'puppet' changed from 'puppet:pperm(Developer)' to 'puppet:false()' 
LockHandler on west: access type 'get' changed from 'get:all()' to 'get:false()' 
LockHandler on west: access type 'teleport' changed from 'teleport:true()' to 'teleport:false()' 
LockHandler on west: access type 'teleport_here' changed from 'teleport_here:true()' to 'teleport_here:false()'
26-05-17 23:21:11 [-] LockHandler on On Titan Street: access type 'get' changed from 'get:all()' to 'get:false()' 
LockHandler on On Titan Street: access type 'puppet' changed from 'puppet:pperm(Developer)' to 'puppet:false()' 
LockHandler on On Titan Street: access type 'teleport' changed from 'teleport:true()' to 'teleport:false()' 
LockHandler on On Titan Street: access type 'teleport_here' changed from 'teleport_here:true()' to 'teleport_here:true()'
26-05-17 23:21:12 [-] LockHandler on north: access type 'puppet' changed from 'puppet:pperm(Developer)' to 'puppet:false()' 
LockHandler on north: access type 'get' changed from 'get:all()' to 'get:false()' 
LockHandler on north: access type 'teleport' changed from 'teleport:true()' to 'teleport:false()' 
LockHandler on north: access type 'teleport_here' changed from 'teleport_here:true()' to 'teleport_here:false()'
26-05-17 23:21:12 [-] LockHandler on south: access type 'puppet' changed from 'puppet:pperm(Developer)' to 'puppet:false()' 
LockHandler on south: access type 'get' changed from 'get:all()' to 'get:false()' 
LockHandler on south: access type 'teleport' changed from 'teleport:true()' to 'teleport:false()' 
LockHandler on south: access type 'teleport_here' changed from 'teleport_here:true()' to 'teleport_here:false()'
26-05-17 23:21:12 [-] LockHandler on On Gossamer Street: access type 'get' changed from 'get:all()' to 'get:false()' 
LockHandler on On Gossamer Street: access type 'puppet' changed from 'puppet:pperm(Developer)' to 'puppet:false()' 
LockHandler on On Gossamer Street: access type 'teleport' changed from 'teleport:true()' to 'teleport:false()' 
LockHandler on On Gossamer Street: access type 'teleport_here' changed from 'teleport_here:true()' to 'teleport_here:true()'
26-05-17 23:21:12 [-] LockHandler on west: access type 'puppet' changed from 'puppet:pperm(Developer)' to 'puppet:false()' 
LockHandler on west: access type 'get' changed from 'get:all()' to 'get:false()' 
LockHandler on west: access type 'teleport' changed from 'teleport:true()' to 'teleport:false()' 
LockHandler on west: access type 'teleport_here' changed from 'teleport_here:true()' to 'teleport_here:false()'
26-05-17 23:21:12 [-] LockHandler on east: access type 'puppet' changed from 'puppet:pperm(Developer)' to 'puppet:false()' 
LockHandler on east: access type 'get' changed from 'get:all()' to 'get:false()' 
LockHandler on east: access type 'teleport' changed from 'teleport:true()' to 'teleport:false()' 
LockHandler on east: access type 'teleport_here' changed from 'teleport_here:true()' to 'teleport_here:false()'
26-05-17 23:21:12 [-] LockHandler on Achman the Judge: access type 'get' changed from 'get:all()' to 'get:false()' 
LockHandler on Achman the Judge: access type 'call' changed from 'call:true()' to 'call:false()' 
LockHandler on Achman the Judge: access type 'teleport' changed from 'teleport:true()' to 'teleport:perm(Admin)' 
LockHandler on Achman the Judge: access type 'teleport_here' changed from 'teleport_here:true()' to 'teleport_here:perm(Admin)'
26-05-17 23:21:12 [-] LockHandler on Bank of Illium: access type 'get' changed from 'get:all()' to 'get:false()' 
LockHandler on Bank of Illium: access type 'puppet' changed from 'puppet:pperm(Developer)' to 'puppet:false()' 
LockHandler on Bank of Illium: access type 'teleport' changed from 'teleport:true()' to 'teleport:false()' 
LockHandler on Bank of Illium: access type 'teleport_here' changed from 'teleport_here:true()' to 'teleport_here:true()'
26-05-17 23:21:12 [-] LockHandler on north: access type 'puppet' changed from 'puppet:pperm(Developer)' to 'puppet:false()' 
LockHandler on north: access type 'get' changed from 'get:all()' to 'get:false()' 
LockHandler on north: access type 'teleport' changed from 'teleport:true()' to 'teleport:false()' 
LockHandler on north: access type 'teleport_here' changed from 'teleport_here:true()' to 'teleport_here:false()'
26-05-17 23:21:12 [-] LockHandler on south: access type 'puppet' changed from 'puppet:pperm(Developer)' to 'puppet:false()' 
LockHandler on south: access type 'get' changed from 'get:all()' to 'get:false()' 
LockHandler on south: access type 'teleport' changed from 'teleport:true()' to 'teleport:false()' 
LockHandler on south: access type 'teleport_here' changed from 'teleport_here:true()' to 'teleport_here:false()'
26-05-17 23:21:12 [-] LockHandler on Maxxis General Store: access type 'get' changed from 'get:all()' to 'get:false()' 
LockHandler on Maxxis General Store: access type 'puppet' changed from 'puppet:pperm(Developer)' to 'puppet:false()' 
LockHandler on Maxxis General Store: access type 'teleport' changed from 'teleport:true()' to 'teleport:false()' 
LockHandler on Maxxis General Store: access type 'teleport_here' changed from 'teleport_here:true()' to 'teleport_here:true()'
26-05-17 23:21:12 [-] LockHandler on east: access type 'puppet' changed from 'puppet:pperm(Developer)' to 'puppet:false()' 
LockHandler on east: access type 'get' changed from 'get:all()' to 'get:false()' 
LockHandler on east: access type 'teleport' changed from 'teleport:true()' to 'teleport:false()' 
LockHandler on east: access type 'teleport_here' changed from 'teleport_here:true()' to 'teleport_here:false()'
26-05-17 23:21:12 [-] LockHandler on west: access type 'puppet' changed from 'puppet:pperm(Developer)' to 'puppet:false()' 
LockHandler on west: access type 'get' changed from 'get:all()' to 'get:false()' 
LockHandler on west: access type 'teleport' changed from 'teleport:true()' to 'teleport:false()' 
LockHandler on west: access type 'teleport_here' changed from 'teleport_here:true()' to 'teleport_here:false()'
26-05-17 23:21:12 [-] LockHandler on Welcome to YENSIDLAND: access type 'get' changed from 'get:all()' to 'get:false()' 
LockHandler on Welcome to YENSIDLAND: access type 'puppet' changed from 'puppet:pperm(Developer)' to 'puppet:false()' 
LockHandler on Welcome to YENSIDLAND: access type 'teleport' changed from 'teleport:true()' to 'teleport:false()' 
LockHandler on Welcome to YENSIDLAND: access type 'teleport_here' changed from 'teleport_here:true()' to 'teleport_here:true()'
26-05-17 23:21:12 [-] LockHandler on LobeLands: access type 'get' changed from 'get:all()' to 'get:false()' 
LockHandler on LobeLands: access type 'puppet' changed from 'puppet:pperm(Developer)' to 'puppet:false()' 
LockHandler on LobeLands: access type 'teleport' changed from 'teleport:true()' to 'teleport:false()' 
LockHandler on LobeLands: access type 'teleport_here' changed from 'teleport_here:true()' to 'teleport_here:true()'
26-05-17 23:21:12 [-] LockHandler on earwig_0_47: access type 'get' changed from 'get:all()' to 'get:false()' 
LockHandler on earwig_0_47: access type 'call' changed from 'call:true()' to 'call:false()' 
LockHandler on earwig_0_47: access type 'teleport' changed from 'teleport:true()' to 'teleport:perm(Admin)' 
LockHandler on earwig_0_47: access type 'teleport_here' changed from 'teleport_here:true()' to 'teleport_here:perm(Admin)'
26-05-17 23:21:12 [-] LockHandler on earwig_1_47: access type 'get' changed from 'get:all()' to 'get:false()' 
LockHandler on earwig_1_47: access type 'call' changed from 'call:true()' to 'call:false()' 
LockHandler on earwig_1_47: access type 'teleport' changed from 'teleport:true()' to 'teleport:perm(Admin)' 
LockHandler on earwig_1_47: access type 'teleport_here' changed from 'teleport_here:true()' to 'teleport_here:perm(Admin)'
26-05-17 23:21:13 [-] LockHandler on earwig_2_47: access type 'get' changed from 'get:all()' to 'get:false()' 
LockHandler on earwig_2_47: access type 'call' changed from 'call:true()' to 'call:false()' 
LockHandler on earwig_2_47: access type 'teleport' changed from 'teleport:true()' to 'teleport:perm(Admin)' 
LockHandler on earwig_2_47: access type 'teleport_here' changed from 'teleport_here:true()' to 'teleport_here:perm(Admin)'
26-05-17 23:21:13 [-] LockHandler on northwest: access type 'puppet' changed from 'puppet:pperm(Developer)' to 'puppet:false()' 
LockHandler on northwest: access type 'get' changed from 'get:all()' to 'get:false()' 
LockHandler on northwest: access type 'teleport' changed from 'teleport:true()' to 'teleport:false()' 
LockHandler on northwest: access type 'teleport_here' changed from 'teleport_here:true()' to 'teleport_here:false()'
26-05-17 23:21:13 [-] LockHandler on southeast: access type 'puppet' changed from 'puppet:pperm(Developer)' to 'puppet:false()' 
LockHandler on southeast: access type 'get' changed from 'get:all()' to 'get:false()' 
LockHandler on southeast: access type 'teleport' changed from 'teleport:true()' to 'teleport:false()' 
LockHandler on southeast: access type 'teleport_here' changed from 'teleport_here:true()' to 'teleport_here:false()'
26-05-17 23:21:13 [-] LockHandler on LobeLands: access type 'get' changed from 'get:all()' to 'get:false()' 
LockHandler on LobeLands: access type 'puppet' changed from 'puppet:pperm(Developer)' to 'puppet:false()' 
LockHandler on LobeLands: access type 'teleport' changed from 'teleport:true()' to 'teleport:false()' 
LockHandler on LobeLands: access type 'teleport_here' changed from 'teleport_here:true()' to 'teleport_here:true()'
26-05-17 23:21:13 [-] LockHandler on earwig_0_54: access type 'get' changed from 'get:all()' to 'get:false()' 
LockHandler on earwig_0_54: access type 'call' changed from 'call:true()' to 'call:false()' 
LockHandler on earwig_0_54: access type 'teleport' changed from 'teleport:true()' to 'teleport:perm(Admin)' 
LockHandler on earwig_0_54: access type 'teleport_here' changed from 'teleport_here:true()' to 'teleport_here:perm(Admin)'
26-05-17 23:21:13 [-] LockHandler on earwig_1_54: access type 'get' changed from 'get:all()' to 'get:false()' 
LockHandler on earwig_1_54: access type 'call' changed from 'call:true()' to 'call:false()' 
LockHandler on earwig_1_54: access type 'teleport' changed from 'teleport:true()' to 'teleport:perm(Admin)' 
LockHandler on earwig_1_54: access type 'teleport_here' changed from 'teleport_here:true()' to 'teleport_here:perm(Admin)'
26-05-17 23:21:13 [-] LockHandler on earwig_2_54: access type 'get' changed from 'get:all()' to 'get:false()' 
LockHandler on earwig_2_54: access type 'call' changed from 'call:true()' to 'call:false()' 
LockHandler on earwig_2_54: access type 'teleport' changed from 'teleport:true()' to 'teleport:perm(Admin)' 
LockHandler on earwig_2_54: access type 'teleport_here' changed from 'teleport_here:true()' to 'teleport_here:perm(Admin)'
26-05-17 23:21:13 [-] LockHandler on north: access type 'puppet' changed from 'puppet:pperm(Developer)' to 'puppet:false()' 
LockHandler on north: access type 'get' changed from 'get:all()' to 'get:false()' 
LockHandler on north: access type 'teleport' changed from 'teleport:true()' to 'teleport:false()' 
LockHandler on north: access type 'teleport_here' changed from 'teleport_here:true()' to 'teleport_here:false()'
26-05-17 23:21:13 [-] LockHandler on south: access type 'puppet' changed from 'puppet:pperm(Developer)' to 'puppet:false()' 
LockHandler on south: access type 'get' changed from 'get:all()' to 'get:false()' 
LockHandler on south: access type 'teleport' changed from 'teleport:true()' to 'teleport:false()' 
LockHandler on south: access type 'teleport_here' changed from 'teleport_here:true()' to 'teleport_here:false()'
26-05-17 23:21:13 [-] LockHandler on Yensidland - Whispering Fields: access type 'get' changed from 'get:all()' to 'get:false()' 
LockHandler on Yensidland - Whispering Fields: access type 'puppet' changed from 'puppet:pperm(Developer)' to 'puppet:false()' 
LockHandler on Yensidland - Whispering Fields: access type 'teleport' changed from 'teleport:true()' to 'teleport:false()' 
LockHandler on Yensidland - Whispering Fields: access type 'teleport_here' changed from 'teleport_here:true()' to 'teleport_here:true()'
26-05-17 23:21:13 [-] LockHandler on north: access type 'puppet' changed from 'puppet:pperm(Developer)' to 'puppet:false()' 
LockHandler on north: access type 'get' changed from 'get:all()' to 'get:false()' 
LockHandler on north: access type 'teleport' changed from 'teleport:true()' to 'teleport:false()' 
LockHandler on north: access type 'teleport_here' changed from 'teleport_here:true()' to 'teleport_here:false()'
26-05-17 23:21:13 [-] LockHandler on south: access type 'puppet' changed from 'puppet:pperm(Developer)' to 'puppet:false()' 
LockHandler on south: access type 'get' changed from 'get:all()' to 'get:false()' 
LockHandler on south: access type 'teleport' changed from 'teleport:true()' to 'teleport:false()' 
LockHandler on south: access type 'teleport_here' changed from 'teleport_here:true()' to 'teleport_here:false()'
26-05-17 23:21:13 [-] LockHandler on Yensidland - Crystal Brook: access type 'get' changed from 'get:all()' to 'get:false()' 
LockHandler on Yensidland - Crystal Brook: access type 'puppet' changed from 'puppet:pperm(Developer)' to 'puppet:false()' 
LockHandler on Yensidland - Crystal Brook: access type 'teleport' changed from 'teleport:true()' to 'teleport:false()' 
LockHandler on Yensidland - Crystal Brook: access type 'teleport_here' changed from 'teleport_here:true()' to 'teleport_here:true()'
26-05-17 23:21:13 [-] LockHandler on northeast: access type 'puppet' changed from 'puppet:pperm(Developer)' to 'puppet:false()' 
LockHandler on northeast: access type 'get' changed from 'get:all()' to 'get:false()' 
LockHandler on northeast: access type 'teleport' changed from 'teleport:true()' to 'teleport:false()' 
LockHandler on northeast: access type 'teleport_here' changed from 'teleport_here:true()' to 'teleport_here:false()'
26-05-17 23:21:13 [-] LockHandler on southwest: access type 'puppet' changed from 'puppet:pperm(Developer)' to 'puppet:false()' 
LockHandler on southwest: access type 'get' changed from 'get:all()' to 'get:false()' 
LockHandler on southwest: access type 'teleport' changed from 'teleport:true()' to 'teleport:false()' 
LockHandler on southwest: access type 'teleport_here' changed from 'teleport_here:true()' to 'teleport_here:false()'
26-05-17 23:21:13 [-] LockHandler on Yensidland - Sunken Path: access type 'get' changed from 'get:all()' to 'get:false()' 
LockHandler on Yensidland - Sunken Path: access type 'puppet' changed from 'puppet:pperm(Developer)' to 'puppet:false()' 
LockHandler on Yensidland - Sunken Path: access type 'teleport' changed from 'teleport:true()' to 'teleport:false()' 
LockHandler on Yensidland - Sunken Path: access type 'teleport_here' changed from 'teleport_here:true()' to 'teleport_here:true()'
26-05-17 23:21:13 [-] LockHandler on east: access type 'puppet' changed from 'puppet:pperm(Developer)' to 'puppet:false()' 
LockHandler on east: access type 'get' changed from 'get:all()' to 'get:false()' 
LockHandler on east: access type 'teleport' changed from 'teleport:true()' to 'teleport:false()' 
LockHandler on east: access type 'teleport_here' changed from 'teleport_here:true()' to 'teleport_here:false()'
26-05-17 23:21:13 [-] LockHandler on west: access type 'puppet' changed from 'puppet:pperm(Developer)' to 'puppet:false()' 
LockHandler on west: access type 'get' changed from 'get:all()' to 'get:false()' 
LockHandler on west: access type 'teleport' changed from 'teleport:true()' to 'teleport:false()' 
LockHandler on west: access type 'teleport_here' changed from 'teleport_here:true()' to 'teleport_here:false()'
26-05-17 23:21:13 [-] LockHandler on Yensidland - Briar Thicket: access type 'get' changed from 'get:all()' to 'get:false()' 
LockHandler on Yensidland - Briar Thicket: access type 'puppet' changed from 'puppet:pperm(Developer)' to 'puppet:false()' 
LockHandler on Yensidland - Briar Thicket: access type 'teleport' changed from 'teleport:true()' to 'teleport:false()' 
LockHandler on Yensidland - Briar Thicket: access type 'teleport_here' changed from 'teleport_here:true()' to 'teleport_here:true()'
26-05-17 23:21:13 [-] LockHandler on south: access type 'puppet' changed from 'puppet:pperm(Developer)' to 'puppet:false()' 
LockHandler on south: access type 'get' changed from 'get:all()' to 'get:false()' 
LockHandler on south: access type 'teleport' changed from 'teleport:true()' to 'teleport:false()' 
LockHandler on south: access type 'teleport_here' changed from 'teleport_here:true()' to 'teleport_here:false()'
26-05-17 23:21:13 [-] LockHandler on north: access type 'puppet' changed from 'puppet:pperm(Developer)' to 'puppet:false()' 
LockHandler on north: access type 'get' changed from 'get:all()' to 'get:false()' 
LockHandler on north: access type 'teleport' changed from 'teleport:true()' to 'teleport:false()' 
LockHandler on north: access type 'teleport_here' changed from 'teleport_here:true()' to 'teleport_here:false()'
26-05-17 23:21:13 [-] LockHandler on Yensidland - Red Clearing: access type 'get' changed from 'get:all()' to 'get:false()' 
LockHandler on Yensidland - Red Clearing: access type 'puppet' changed from 'puppet:pperm(Developer)' to 'puppet:false()' 
LockHandler on Yensidland - Red Clearing: access type 'teleport' changed from 'teleport:true()' to 'teleport:false()' 
LockHandler on Yensidland - Red Clearing: access type 'teleport_here' changed from 'teleport_here:true()' to 'teleport_here:true()'
26-05-17 23:21:14 [-] LockHandler on southeast: access type 'puppet' changed from 'puppet:pperm(Developer)' to 'puppet:false()' 
LockHandler on southeast: access type 'get' changed from 'get:all()' to 'get:false()' 
LockHandler on southeast: access type 'teleport' changed from 'teleport:true()' to 'teleport:false()' 
LockHandler on southeast: access type 'teleport_here' changed from 'teleport_here:true()' to 'teleport_here:false()'
26-05-17 23:21:14 [-] LockHandler on northwest: access type 'puppet' changed from 'puppet:pperm(Developer)' to 'puppet:false()' 
LockHandler on northwest: access type 'get' changed from 'get:all()' to 'get:false()' 
LockHandler on northwest: access type 'teleport' changed from 'teleport:true()' to 'teleport:false()' 
LockHandler on northwest: access type 'teleport_here' changed from 'teleport_here:true()' to 'teleport_here:false()'
26-05-17 23:21:14 [-] LockHandler on Entrance to the Newbie Garden: access type 'get' changed from 'get:all()' to 'get:false()' 
LockHandler on Entrance to the Newbie Garden: access type 'puppet' changed from 'puppet:pperm(Developer)' to 'puppet:false()' 
LockHandler on Entrance to the Newbie Garden: access type 'teleport' changed from 'teleport:true()' to 'teleport:false()' 
LockHandler on Entrance to the Newbie Garden: access type 'teleport_here' changed from 'teleport_here:true()' to 'teleport_here:true()'
26-05-17 23:21:14 [-] LockHandler on Mouth of Spider Cave: access type 'get' changed from 'get:all()' to 'get:false()' 
LockHandler on Mouth of Spider Cave: access type 'puppet' changed from 'puppet:pperm(Developer)' to 'puppet:false()' 
LockHandler on Mouth of Spider Cave: access type 'teleport' changed from 'teleport:true()' to 'teleport:false()' 
LockHandler on Mouth of Spider Cave: access type 'teleport_here' changed from 'teleport_here:true()' to 'teleport_here:true()'
26-05-17 23:21:14 [-] LockHandler on The Circus Entrance: access type 'get' changed from 'get:all()' to 'get:false()' 
LockHandler on The Circus Entrance: access type 'puppet' changed from 'puppet:pperm(Developer)' to 'puppet:false()' 
LockHandler on The Circus Entrance: access type 'teleport' changed from 'teleport:true()' to 'teleport:false()' 
LockHandler on The Circus Entrance: access type 'teleport_here' changed from 'teleport_here:true()' to 'teleport_here:true()'
26-05-17 23:21:14 [-] LockHandler on Monster Daycare: access type 'get' changed from 'get:all()' to 'get:false()' 
LockHandler on Monster Daycare: access type 'puppet' changed from 'puppet:pperm(Developer)' to 'puppet:false()' 
LockHandler on Monster Daycare: access type 'teleport' changed from 'teleport:true()' to 'teleport:false()' 
LockHandler on Monster Daycare: access type 'teleport_here' changed from 'teleport_here:true()' to 'teleport_here:true()'
26-05-17 23:21:14 [-] LockHandler on A Small Church: access type 'get' changed from 'get:all()' to 'get:false()' 
LockHandler on A Small Church: access type 'puppet' changed from 'puppet:pperm(Developer)' to 'puppet:false()' 
LockHandler on A Small Church: access type 'teleport' changed from 'teleport:true()' to 'teleport:false()' 
LockHandler on A Small Church: access type 'teleport_here' changed from 'teleport_here:true()' to 'teleport_here:true()'
26-05-17 23:21:14 [-] LockHandler on Ocean Shore: access type 'get' changed from 'get:all()' to 'get:false()' 
LockHandler on Ocean Shore: access type 'puppet' changed from 'puppet:pperm(Developer)' to 'puppet:false()' 
LockHandler on Ocean Shore: access type 'teleport' changed from 'teleport:true()' to 'teleport:false()' 
LockHandler on Ocean Shore: access type 'teleport_here' changed from 'teleport_here:true()' to 'teleport_here:true()'
26-05-17 23:21:14 [-] LockHandler on Strawberry Fields: access type 'get' changed from 'get:all()' to 'get:false()' 
LockHandler on Strawberry Fields: access type 'puppet' changed from 'puppet:pperm(Developer)' to 'puppet:false()' 
LockHandler on Strawberry Fields: access type 'teleport' changed from 'teleport:true()' to 'teleport:false()' 
LockHandler on Strawberry Fields: access type 'teleport_here' changed from 'teleport_here:true()' to 'teleport_here:true()'
26-05-17 23:21:14 [-] LockHandler on Fire World Entrance: access type 'get' changed from 'get:all()' to 'get:false()' 
LockHandler on Fire World Entrance: access type 'puppet' changed from 'puppet:pperm(Developer)' to 'puppet:false()' 
LockHandler on Fire World Entrance: access type 'teleport' changed from 'teleport:true()' to 'teleport:false()' 
LockHandler on Fire World Entrance: access type 'teleport_here' changed from 'teleport_here:true()' to 'teleport_here:true()'
26-05-17 23:21:14 [-] LockHandler on Ice World Entrance: access type 'get' changed from 'get:all()' to 'get:false()' 
LockHandler on Ice World Entrance: access type 'puppet' changed from 'puppet:pperm(Developer)' to 'puppet:false()' 
LockHandler on Ice World Entrance: access type 'teleport' changed from 'teleport:true()' to 'teleport:false()' 
LockHandler on Ice World Entrance: access type 'teleport_here' changed from 'teleport_here:true()' to 'teleport_here:true()'
26-05-17 23:21:14 [-] LockHandler on Cat World: access type 'get' changed from 'get:all()' to 'get:false()' 
LockHandler on Cat World: access type 'puppet' changed from 'puppet:pperm(Developer)' to 'puppet:false()' 
LockHandler on Cat World: access type 'teleport' changed from 'teleport:true()' to 'teleport:false()' 
LockHandler on Cat World: access type 'teleport_here' changed from 'teleport_here:true()' to 'teleport_here:true()'
26-05-17 23:21:14 [-] LockHandler on Kobold Village Entrance: access type 'get' changed from 'get:all()' to 'get:false()' 
LockHandler on Kobold Village Entrance: access type 'puppet' changed from 'puppet:pperm(Developer)' to 'puppet:false()' 
LockHandler on Kobold Village Entrance: access type 'teleport' changed from 'teleport:true()' to 'teleport:false()' 
LockHandler on Kobold Village Entrance: access type 'teleport_here' changed from 'teleport_here:true()' to 'teleport_here:true()'
26-05-17 23:21:14 [-] LockHandler on The Zoo Entrance: access type 'get' changed from 'get:all()' to 'get:false()' 
LockHandler on The Zoo Entrance: access type 'puppet' changed from 'puppet:pperm(Developer)' to 'puppet:false()' 
LockHandler on The Zoo Entrance: access type 'teleport' changed from 'teleport:true()' to 'teleport:false()' 
LockHandler on The Zoo Entrance: access type 'teleport_here' changed from 'teleport_here:true()' to 'teleport_here:true()'
26-05-17 23:21:14 [-] LockHandler on Edge of Newbie Forest: access type 'get' changed from 'get:all()' to 'get:false()' 
LockHandler on Edge of Newbie Forest: access type 'puppet' changed from 'puppet:pperm(Developer)' to 'puppet:false()' 
LockHandler on Edge of Newbie Forest: access type 'teleport' changed from 'teleport:true()' to 'teleport:false()' 
LockHandler on Edge of Newbie Forest: access type 'teleport_here' changed from 'teleport_here:true()' to 'teleport_here:true()'
26-05-17 23:21:14 [-] LockHandler on Base of the Ancient Tree: access type 'get' changed from 'get:all()' to 'get:false()' 
LockHandler on Base of the Ancient Tree: access type 'puppet' changed from 'puppet:pperm(Developer)' to 'puppet:false()' 
LockHandler on Base of the Ancient Tree: access type 'teleport' changed from 'teleport:true()' to 'teleport:false()' 
LockHandler on Base of the Ancient Tree: access type 'teleport_here' changed from 'teleport_here:true()' to 'teleport_here:true()'
26-05-17 23:21:14 [-] LockHandler on Animal Nursery: access type 'get' changed from 'get:all()' to 'get:false()' 
LockHandler on Animal Nursery: access type 'puppet' changed from 'puppet:pperm(Developer)' to 'puppet:false()' 
LockHandler on Animal Nursery: access type 'teleport' changed from 'teleport:true()' to 'teleport:false()' 
LockHandler on Animal Nursery: access type 'teleport_here' changed from 'teleport_here:true()' to 'teleport_here:true()'
26-05-17 23:21:14 [-] LockHandler on Swallow Moors: access type 'get' changed from 'get:all()' to 'get:false()' 
LockHandler on Swallow Moors: access type 'puppet' changed from 'puppet:pperm(Developer)' to 'puppet:false()' 
LockHandler on Swallow Moors: access type 'teleport' changed from 'teleport:true()' to 'teleport:false()' 
LockHandler on Swallow Moors: access type 'teleport_here' changed from 'teleport_here:true()' to 'teleport_here:true()'
26-05-17 23:21:15 [-] LockHandler on Entrance to the Bee Hive: access type 'get' changed from 'get:all()' to 'get:false()' 
LockHandler on Entrance to the Bee Hive: access type 'puppet' changed from 'puppet:pperm(Developer)' to 'puppet:false()' 
LockHandler on Entrance to the Bee Hive: access type 'teleport' changed from 'teleport:true()' to 'teleport:false()' 
LockHandler on Entrance to the Bee Hive: access type 'teleport_here' changed from 'teleport_here:true()' to 'teleport_here:true()'
26-05-17 23:21:15 [-] LockHandler on Valley of New Adventurers: access type 'get' changed from 'get:all()' to 'get:false()' 
LockHandler on Valley of New Adventurers: access type 'puppet' changed from 'puppet:pperm(Developer)' to 'puppet:false()' 
LockHandler on Valley of New Adventurers: access type 'teleport' changed from 'teleport:true()' to 'teleport:false()' 
LockHandler on Valley of New Adventurers: access type 'teleport_here' changed from 'teleport_here:true()' to 'teleport_here:true()'
26-05-17 23:21:15 [-] LockHandler on Detention Facility: access type 'get' changed from 'get:all()' to 'get:false()' 
LockHandler on Detention Facility: access type 'puppet' changed from 'puppet:pperm(Developer)' to 'puppet:false()' 
LockHandler on Detention Facility: access type 'teleport' changed from 'teleport:true()' to 'teleport:false()' 
LockHandler on Detention Facility: access type 'teleport_here' changed from 'teleport_here:true()' to 'teleport_here:true()'
26-05-17 23:21:15 [-] LockHandler on Channel 'MudInfo' (None): access type 'control' changed from 'control:perm(Admin)' to 'control:perm(Developer)' 
LockHandler on Channel 'MudInfo' (None): access type 'listen' changed from 'listen:all()' to 'listen:perm(Admin)' 
LockHandler on Channel 'MudInfo' (None): access type 'send' changed from 'send:all()' to 'send:false()'
26-05-17 23:21:15 [-] LockHandler on Channel 'Public' (None): access type 'control' changed from 'control:perm(Admin)' to 'control:perm(Admin)' 
LockHandler on Channel 'Public' (None): access type 'listen' changed from 'listen:all()' to 'listen:all()' 
LockHandler on Channel 'Public' (None): access type 'send' changed from 'send:all()' to 'send:all()'
26-05-17 23:26:03 [-] LockHandler on testchar2: access type 'get' changed from 'get:all()' to 'get:false()' 
LockHandler on testchar2: access type 'call' changed from 'call:true()' to 'call:false()' 
LockHandler on testchar2: access type 'teleport' changed from 'teleport:true()' to 'teleport:perm(Admin)' 
LockHandler on testchar2: access type 'teleport_here' changed from 'teleport_here:true()' to 'teleport_here:perm(Admin)'
26-05-17 23:26:03 [-] LockHandler on testchar2: access type 'puppet' changed from 'puppet:pperm(Developer)' to 'puppet:pid(2) or id(testchar2) or perm(Developer) or pperm(Developer)' 
LockHandler on testchar2: access type 'delete' changed from 'delete:perm(Admin)' to 'delete:pid(2) or perm(Admin)' 
LockHandler on testchar2: access type 'edit' changed from 'edit:perm(Admin)' to 'edit:pid(2) or perm(Admin)'
26-05-17 23:26:03 [-] LockHandler on testchar2: access type 'puppet' changed from 'puppet:pid(2) or id(testchar2) or perm(Developer) or pperm(Developer)' to 'puppet:id(96) or pid(2) or perm(Developer) or pperm(Developer)' 
LockHandler on testchar2: access type 'delete' changed from 'delete:pid(2) or perm(Admin)' to 'delete:id(2) or perm(Admin)'
26-05-25 18:48:57 [-] LockHandler on testplayer5: access type 'get' changed from 'get:all()' to 'get:false()' 
LockHandler on testplayer5: access type 'call' changed from 'call:true()' to 'call:false()' 
LockHandler on testplayer5: access type 'teleport' changed from 'teleport:true()' to 'teleport:perm(Admin)' 
LockHandler on testplayer5: access type 'teleport_here' changed from 'teleport_here:true()' to 'teleport_here:perm(Admin)'
26-05-25 18:48:58 [-] LockHandler on testplayer5: access type 'puppet' changed from 'puppet:pperm(Developer)' to 'puppet:pid(26) or id(testplayer5) or perm(Developer) or pperm(Developer)' 
LockHandler on testplayer5: access type 'delete' changed from 'delete:perm(Admin)' to 'delete:pid(26) or perm(Admin)' 
LockHandler on testplayer5: access type 'edit' changed from 'edit:perm(Admin)' to 'edit:pid(26) or perm(Admin)'
26-05-25 18:48:58 [-] LockHandler on testplayer5: access type 'puppet' changed from 'puppet:pid(26) or id(testplayer5) or perm(Developer) or pperm(Developer)' to 'puppet:id(112) or pid(26) or perm(Developer) or pperm(Developer)' 
LockHandler on testplayer5: access type 'delete' changed from 'delete:pid(26) or perm(Admin)' to 'delete:id(26) or perm(Admin)'
26-05-25 18:49:27 [-] LockHandler on testplayer6: access type 'get' changed from 'get:all()' to 'get:false()' 
LockHandler on testplayer6: access type 'call' changed from 'call:true()' to 'call:false()' 
LockHandler on testplayer6: access type 'teleport' changed from 'teleport:true()' to 'teleport:perm(Admin)' 
LockHandler on testplayer6: access type 'teleport_here' changed from 'teleport_here:true()' to 'teleport_here:perm(Admin)'
26-05-25 18:49:27 [-] LockHandler on testplayer6: access type 'puppet' changed from 'puppet:pperm(Developer)' to 'puppet:pid(27) or id(testplayer6) or perm(Developer) or pperm(Developer)' 
LockHandler on testplayer6: access type 'delete' changed from 'delete:perm(Admin)' to 'delete:pid(27) or perm(Admin)' 
LockHandler on testplayer6: access type 'edit' changed from 'edit:perm(Admin)' to 'edit:pid(27) or perm(Admin)'
26-05-25 18:49:27 [-] LockHandler on testplayer6: access type 'puppet' changed from 'puppet:pid(27) or id(testplayer6) or perm(Developer) or pperm(Developer)' to 'puppet:id(113) or pid(27) or perm(Developer) or pperm(Developer)' 
LockHandler on testplayer6: access type 'delete' changed from 'delete:pid(27) or perm(Admin)' to 'delete:id(27) or perm(Admin)'